ARCHVIZ_EXPORT_START kitchen: repository defaults in an isolated browser
ARCHVIZ_EXPORT_COMPLETE kitchen
ARCHVIZ_EXPORT_START balcony: repository defaults in an isolated browser
ARCHVIZ_EXPORT_COMPLETE balcony
ROOM 1/3: kitchen
ARCHVIZ_START kitchen: import current design
18:24:14 | INFO: Data are loaded, start creating Blender stuff
18:24:14 | INFO: Blender create Mesh node 0
18:24:14 | INFO: Blender create Mesh node 1
18:24:14 | INFO: Blender create Mesh node 2
18:24:14 | INFO: Blender create Mesh node 3
18:24:14 | INFO: Blender create Mesh node 4
18:24:14 | INFO: Blender create Mesh node 5
18:24:14 | INFO: Blender create Mesh node 6
18:24:14 | INFO: Blender create Mesh node 7
18:24:14 | INFO: Blender create Mesh node 8
18:24:14 | INFO: Blender create Mesh node 9
18:24:14 | INFO: Blender create Mesh node 10
18:24:14 | INFO: Blender create Mesh node 11
18:24:14 | INFO: Blender create Mesh node 12
18:24:14 | INFO: Blender create Mesh node 13
18:24:14 | INFO: Blender create Mesh node 14
18:24:14 | INFO: Blender create Mesh node 15
18:24:14 | INFO: Blender create Mesh node 16
18:24:14 | INFO: Blender create Mesh node 17
18:24:14 | INFO: Blender create Mesh node 18
18:24:14 | INFO: Blender create Mesh node 19
18:24:14 | INFO: Blender create Mesh node 20
18:24:14 | INFO: Blender create Mesh node 21
18:24:14 | INFO: Blender create Mesh node 22
18:24:14 | INFO: Blender create Mesh node 23
18:24:14 | INFO: Blender create Mesh node 24
18:24:14 | INFO: Blender create Mesh node 25
18:24:14 | INFO: Blender create Mesh node 26
18:24:14 | INFO: Blender create Mesh node 27
18:24:14 | INFO: Blender create Mesh node 28
18:24:14 | INFO: Blender create Mesh node 29
18:24:14 | INFO: Blender create Mesh node 30
18:24:14 | INFO: Blender create Mesh node 31
18:24:14 | INFO: Blender create Mesh node 32
18:24:14 | INFO: Blender create Mesh node 33
18:24:14 | INFO: Blender create Mesh node 34
18:24:14 | INFO: Blender create Mesh node 35
18:24:14 | INFO: Blender create Mesh node 36
18:24:14 | INFO: Blender create Mesh node 37
18:24:14 | INFO: Blender create Mesh node 38
18:24:14 | INFO: Blender create Mesh node 39
18:24:14 | INFO: Blender create Mesh node 40
18:24:14 | INFO: Blender create Mesh node 41
18:24:14 | INFO: Blender create Mesh node 42
18:24:14 | INFO: Blender create Mesh node 43
18:24:14 | INFO: Blender create Mesh node 44
18:24:14 | INFO: Blender create Mesh node 45
18:24:14 | INFO: Blender create Mesh node 46
18:24:14 | INFO: Blender create Mesh node 47
18:24:14 | INFO: Blender create Mesh node 48
18:24:14 | INFO: Blender create Mesh node 49
18:24:14 | INFO: Blender create Mesh node 50
18:24:14 | INFO: Blender create Mesh node 51
18:24:14 | INFO: Blender create Mesh node 52
18:24:14 | INFO: Blender create Mesh node 53
18:24:14 | INFO: Blender create Mesh node 54
18:24:14 | INFO: Blender create Mesh node 55
18:24:14 | INFO: Blender create Mesh node 56
18:24:15 | INFO: Blender create Mesh node 57
18:24:15 | INFO: Blender create Mesh node 58
18:24:15 | INFO: Blender create Mesh node 59
18:24:15 | INFO: Blender create Mesh node 60
18:24:15 | INFO: Blender create Mesh node 61
18:24:15 | INFO: Blender create Mesh node 62
18:24:15 | INFO: Blender create Mesh node 63
18:24:15 | INFO: Blender create Mesh node 64
18:24:15 | INFO: Blender create Mesh node 65
18:24:15 | INFO: Blender create Mesh node 66
18:24:15 | INFO: Blender create Mesh node 67
18:24:15 | INFO: Blender create Mesh node 68
18:24:15 | INFO: Blender create Mesh node 69
18:24:15 | INFO: Blender create Mesh node 70
18:24:15 | INFO: Blender create Mesh node 71
18:24:15 | INFO: Blender create Mesh node 72
18:24:15 | INFO: Blender create Mesh node 73
18:24:15 | INFO: Blender create Mesh node 74
18:24:15 | INFO: Blender create Mesh node 75
18:24:15 | INFO: Blender create Mesh node 76
18:24:15 | INFO: Blender create Mesh node 77
18:24:15 | INFO: Blender create Mesh node 78
18:24:15 | INFO: Blender create Mesh node 79
18:24:15 | INFO: Blender create Mesh node 80
18:24:15 | INFO: Blender create Mesh node 81
18:24:15 | INFO: Blender create Mesh node 82
18:24:15 | INFO: Blender create Mesh node 83
18:24:15 | INFO: Blender create Mesh node 84
18:24:15 | INFO: Blender create Mesh node 85
18:24:15 | INFO: Blender create Mesh node 86
18:24:15 | INFO: Blender create Mesh node 87
18:24:15 | INFO: Blender create Mesh node 88
18:24:15 | INFO: Blender create Mesh node 89
18:24:15 | INFO: Blender create Mesh node 90
18:24:15 | INFO: Blender create Mesh node 91
18:24:15 | INFO: Blender create Mesh node 92
18:24:15 | INFO: Blender create Mesh node 93
18:24:15 | INFO: Blender create Mesh node 94
18:24:15 | INFO: Blender create Mesh node 95
18:24:15 | INFO: Blender create Mesh node 96
18:24:15 | INFO: Blender create Mesh node 97
18:24:15 | INFO: Blender create Mesh node 98
18:24:15 | INFO: Blender create Mesh node 99
18:24:15 | INFO: Blender create Mesh node 100
18:24:15 | INFO: Blender create Mesh node 101
18:24:15 | INFO: Blender create Mesh node 102
18:24:15 | INFO: Blender create Mesh node 103
18:24:15 | INFO: Blender create Mesh node 104
18:24:15 | INFO: Blender create Mesh node 105
18:24:15 | INFO: Blender create Mesh node 106
18:24:15 | INFO: Blender create Mesh node 107
18:24:15 | INFO: Blender create Mesh node 108
18:24:15 | INFO: Blender create Mesh node 109
18:24:15 | INFO: Blender create Mesh node 110
18:24:15 | INFO: Blender create Mesh node 111
18:24:15 | INFO: Blender create Mesh node 112
18:24:15 | INFO: Blender create Mesh node 113
18:24:15 | INFO: Blender create Mesh node 114
18:24:15 | INFO: Blender create Mesh node 115
18:24:15 | INFO: Blender create Mesh node 116
18:24:15 | INFO: Blender create Mesh node 117
18:24:15 | INFO: Blender create Mesh node 118
18:24:15 | INFO: Blender create Mesh node 119
18:24:15 | INFO: Blender create Mesh node 120
18:24:15 | INFO: Blender create Mesh node 121
18:24:15 | INFO: Blender create Mesh node 122
18:24:15 | INFO: Blender create Mesh node 123
18:24:15 | INFO: Blender create Mesh node 124
18:24:15 | INFO: Blender create Mesh node 125
18:24:15 | INFO: Blender create Mesh node 126
18:24:15 | INFO: Blender create Mesh node 127
18:24:15 | INFO: Blender create Mesh node 128
18:24:15 | INFO: Blender create Mesh node 129
18:24:15 | INFO: Blender create Mesh node 130
18:24:15 | INFO: Blender create Mesh node 131
18:24:15 | INFO: Blender create Mesh node 132
18:24:15 | INFO: Blender create Mesh node 133
18:24:15 | INFO: Blender create Mesh node 134
18:24:15 | INFO: Blender create Mesh node 135
18:24:15 | INFO: Blender create Mesh node 136
18:24:15 | INFO: Blender create Mesh node 137
18:24:15 | INFO: Blender create Mesh node 138
18:24:15 | INFO: Blender create Mesh node 139
18:24:15 | INFO: Blender create Mesh node 140
18:24:15 | INFO: Blender create Mesh node 141
18:24:15 | INFO: Blender create Mesh node 142
18:24:15 | INFO: Blender create Mesh node 143
18:24:15 | INFO: Blender create Mesh node 144
18:24:15 | INFO: Blender create Mesh node 145
18:24:15 | INFO: Blender create Mesh node 146
18:24:15 | INFO: Blender create Mesh node 147
18:24:15 | INFO: Blender create Mesh node 148
18:24:15 | INFO: Blender create Mesh node 149
18:24:15 | INFO: Blender create Mesh node 150
18:24:15 | INFO: Blender create Mesh node 151
18:24:15 | INFO: Blender create Mesh node 152
18:24:15 | INFO: Blender create Mesh node 153
18:24:15 | INFO: Blender create Mesh node 154
18:24:15 | INFO: Blender create Mesh node 155
18:24:15 | INFO: Blender create Mesh node 156
18:24:15 | INFO: Blender create Mesh node 157
18:24:15 | INFO: Blender create Mesh node 158
18:24:15 | INFO: Blender create Mesh node 159
18:24:15 | INFO: Blender create Mesh node 160
18:24:15 | INFO: Blender create Mesh node 161
18:24:15 | INFO: Blender create Mesh node 162
18:24:15 | INFO: Blender create Mesh node 163
18:24:15 | INFO: Blender create Mesh node 164
18:24:15 | INFO: Blender create Mesh node 165
18:24:15 | INFO: Blender create Mesh node 166
18:24:15 | INFO: Blender create Mesh node 167
18:24:15 | INFO: Blender create Mesh node 168
18:24:15 | INFO: Blender create Mesh node 169
18:24:15 | INFO: Blender create Mesh node 170
18:24:15 | INFO: Blender create Mesh node 171
18:24:15 | INFO: Blender create Mesh node 172
18:24:15 | INFO: Blender create Mesh node 173
18:24:15 | INFO: Blender create Mesh node 174
18:24:15 | INFO: Blender create Mesh node 175
18:24:15 | INFO: Blender create Mesh node 176
18:24:15 | INFO: Blender create Mesh node 177
18:24:15 | INFO: Blender create Mesh node 178
18:24:15 | INFO: Blender create Mesh node 179
18:24:15 | INFO: Blender create Mesh node 180
18:24:15 | INFO: Blender create Mesh node 181
18:24:15 | INFO: Blender create Mesh node 182
18:24:15 | INFO: Blender create Mesh node 183
18:24:15 | INFO: Blender create Mesh node 184
18:24:15 | INFO: Blender create Mesh node 185
18:24:15 | INFO: Blender create Mesh node 186
18:24:15 | INFO: Blender create Mesh node 187
18:24:15 | INFO: Blender create Mesh node 188
18:24:15 | INFO: Blender create Mesh node 189
18:24:15 | INFO: Blender create Mesh node 190
18:24:15 | INFO: Blender create Mesh node 191
18:24:15 | INFO: Blender create Mesh node 192
18:24:15 | INFO: Blender create Mesh node 193
18:24:15 | INFO: Blender create Mesh node 194
18:24:15 | INFO: Blender create Mesh node 195
18:24:15 | INFO: Blender create Mesh node 196
18:24:15 | INFO: Blender create Mesh node 197
18:24:15 | INFO: Blender create Mesh node 198
18:24:15 | INFO: Blender create Mesh node 199
18:24:15 | INFO: Blender create Mesh node 200
18:24:15 | INFO: Blender create Mesh node 201
18:24:15 | INFO: Blender create Mesh node 202
18:24:15 | INFO: Blender create Mesh node 203
18:24:15 | INFO: Blender create Mesh node 204
18:24:15 | INFO: Blender create Mesh node 205
18:24:15 | INFO: Blender create Mesh node 206
18:24:15 | INFO: Blender create Mesh node 207
18:24:15 | INFO: Blender create Mesh node 208
18:24:15 | INFO: Blender create Mesh node 209
18:24:15 | INFO: Blender create Mesh node 210
18:24:15 | INFO: Blender create Mesh node 211
18:24:15 | INFO: Blender create Mesh node 212
18:24:15 | INFO: Blender create Mesh node 213
18:24:15 | INFO: Blender create Mesh node 214
18:24:15 | INFO: Blender create Mesh node 215
18:24:15 | INFO: Blender create Mesh node 216
18:24:15 | INFO: Blender create Mesh node 217
18:24:15 | INFO: Blender create Mesh node 218
18:24:15 | INFO: Blender create Mesh node 219
18:24:15 | INFO: Blender create Mesh node 220
18:24:15 | INFO: Blender create Mesh node 221
18:24:15 | INFO: Blender create Mesh node 222
18:24:15 | INFO: Blender create Mesh node 223
18:24:15 | INFO: Blender create Mesh node 224
18:24:15 | INFO: Blender create Mesh node 225
18:24:15 | INFO: Blender create Mesh node 226
18:24:15 | INFO: Blender create Mesh node 227
18:24:15 | INFO: Blender create Mesh node 228
18:24:15 | INFO: Blender create Mesh node 229
18:24:15 | INFO: Blender create Mesh node 230
18:24:15 | INFO: Blender create Mesh node 231
18:24:15 | INFO: Blender create Mesh node 232
18:24:15 | INFO: Blender create Mesh node 233
18:24:15 | INFO: Blender create Mesh node 234
18:24:15 | INFO: Blender create Mesh node 235
18:24:15 | INFO: Blender create Mesh node 236
18:24:15 | INFO: Blender create Mesh node 237
18:24:15 | INFO: Blender create Mesh node 238
18:24:15 | INFO: Blender create Mesh node 239
18:24:15 | INFO: Blender create Mesh node 240
18:24:15 | INFO: Blender create Mesh node 241
18:24:15 | INFO: Blender create Mesh node 242
18:24:15 | INFO: Blender create Mesh node 243
18:24:15 | INFO: Blender create Mesh node 244
18:24:15 | INFO: Blender create Mesh node 245
18:24:15 | INFO: Blender create Mesh node 246
18:24:15 | INFO: Blender create Mesh node 247
18:24:15 | INFO: Blender create Mesh node 248
18:24:15 | INFO: Blender create Mesh node 249
18:24:15 | INFO: Blender create Mesh node 250
18:24:15 | INFO: Blender create Mesh node 251
18:24:15 | INFO: Blender create Mesh node 252
18:24:15 | INFO: Blender create Mesh node 253
18:24:15 | INFO: Blender create Mesh node 254
18:24:15 | INFO: Blender create Mesh node 255
18:24:15 | INFO: Blender create Mesh node 256
18:24:15 | INFO: Blender create Mesh node 257
18:24:15 | INFO: Blender create Mesh node 258
18:24:15 | INFO: Blender create Mesh node 259
18:24:15 | INFO: Blender create Mesh node 260
18:24:15 | INFO: Blender create Mesh node 261
18:24:15 | INFO: Blender create Mesh node 262
18:24:15 | INFO: Blender create Mesh node 263
18:24:15 | INFO: Blender create Mesh node 264
18:24:15 | INFO: Blender create Mesh node 265
18:24:15 | INFO: Blender create Mesh node 266
18:24:15 | INFO: Blender create Mesh node 267
18:24:15 | INFO: Blender create Mesh node 268
18:24:15 | INFO: Blender create Mesh node 269
18:24:15 | INFO: Blender create Mesh node 270
18:24:15 | INFO: Blender create Mesh node 271
18:24:15 | INFO: Blender create Mesh node 272
18:24:15 | INFO: Blender create Mesh node 273
18:24:15 | INFO: Blender create Mesh node 274
18:24:15 | INFO: Blender create Mesh node 275
18:24:15 | INFO: Blender create Mesh node 276
18:24:15 | INFO: Blender create Mesh node 277
18:24:15 | INFO: Blender create Mesh node 278
18:24:15 | INFO: Blender create Mesh node 279
18:24:15 | INFO: Blender create Mesh node 280
18:24:15 | INFO: Blender create Mesh node 281
18:24:15 | INFO: Blender create Mesh node 282
18:24:15 | INFO: Blender create Mesh node 283
18:24:15 | INFO: Blender create Mesh node 284
18:24:15 | INFO: Blender create Mesh node 285
18:24:15 | INFO: Blender create Mesh node 286
18:24:15 | INFO: Blender create Mesh node 287
18:24:15 | INFO: Blender create Mesh node 288
18:24:15 | INFO: Blender create Mesh node 289
18:24:15 | INFO: Blender create Mesh node 290
18:24:15 | INFO: Blender create Mesh node 291
18:24:15 | INFO: Blender create Mesh node 292
18:24:15 | INFO: Blender create Mesh node 293
18:24:15 | INFO: Blender create Mesh node 294
18:24:15 | INFO: Blender create Mesh node 295
18:24:15 | INFO: Blender create Mesh node 296
18:24:15 | INFO: Blender create Mesh node 297
18:24:15 | INFO: Blender create Mesh node 298
18:24:15 | INFO: Blender create Mesh node 299
18:24:15 | INFO: Blender create Mesh node 300
18:24:15 | INFO: Blender create Mesh node 301
18:24:15 | INFO: Blender create Mesh node 302
18:24:15 | INFO: Blender create Mesh node 303
18:24:15 | INFO: Blender create Mesh node 304
18:24:15 | INFO: Blender create Mesh node 305
18:24:15 | INFO: Blender create Mesh node 306
18:24:15 | INFO: Blender create Mesh node 307
18:24:15 | INFO: Blender create Mesh node 308
18:24:15 | INFO: Blender create Mesh node 309
18:24:15 | INFO: Blender create Mesh node 310
18:24:15 | INFO: Blender create Mesh node 311
18:24:15 | INFO: Blender create Mesh node 312
18:24:15 | INFO: Blender create Mesh node 313
18:24:15 | INFO: Blender create Mesh node 314
18:24:15 | INFO: Blender create Mesh node 315
18:24:15 | INFO: Blender create Mesh node 316
18:24:15 | INFO: Blender create Mesh node 317
18:24:15 | INFO: Blender create Mesh node 318
18:24:15 | INFO: Blender create Mesh node 319
18:24:15 | INFO: Blender create Mesh node 320
18:24:15 | INFO: Blender create Mesh node 321
18:24:15 | INFO: Blender create Mesh node 322
18:24:15 | INFO: Blender create Mesh node 323
18:24:15 | INFO: Blender create Mesh node 324
18:24:15 | INFO: Blender create Mesh node 325
18:24:15 | INFO: Blender create Mesh node 326
18:24:15 | INFO: Blender create Mesh node 327
18:24:15 | INFO: Blender create Mesh node 328
18:24:15 | INFO: Blender create Mesh node 329
18:24:15 | INFO: Blender create Mesh node 330
18:24:15 | INFO: Blender create Mesh node 331
18:24:15 | INFO: Blender create Mesh node 332
18:24:15 | INFO: Blender create Mesh node 333
18:24:15 | INFO: Blender create Mesh node 334
18:24:15 | INFO: Blender create Mesh node 335
18:24:15 | INFO: Blender create Mesh node 336
18:24:15 | INFO: Blender create Mesh node 337
18:24:15 | INFO: Blender create Mesh node 338
18:24:15 | INFO: Blender create Mesh node 339
18:24:15 | INFO: Blender create Mesh node 340
18:24:15 | INFO: Blender create Mesh node 341
18:24:15 | INFO: Blender create Mesh node 342
18:24:15 | INFO: Blender create Mesh node 343
18:24:15 | INFO: Blender create Mesh node 344
18:24:15 | INFO: Blender create Mesh node 345
18:24:15 | INFO: Blender create Mesh node 346
18:24:15 | INFO: Blender create Mesh node 347
18:24:15 | INFO: Blender create Mesh node 348
18:24:15 | INFO: Blender create Mesh node 349
18:24:15 | INFO: Blender create Mesh node 350
18:24:15 | INFO: Blender create Mesh node 351
18:24:15 | INFO: Blender create Mesh node 352
18:24:15 | INFO: Blender create Mesh node 353
18:24:15 | INFO: Blender create Mesh node 354
18:24:15 | INFO: Blender create Mesh node 355
18:24:15 | INFO: Blender create Mesh node 356
18:24:15 | INFO: Blender create Mesh node 357
18:24:15 | INFO: Blender create Mesh node 358
18:24:15 | INFO: Blender create Mesh node 359
18:24:15 | INFO: Blender create Mesh node 360
18:24:15 | INFO: Blender create Mesh node 361
18:24:15 | INFO: Blender create Mesh node 362
18:24:15 | INFO: Blender create Mesh node 363
18:24:15 | INFO: Blender create Mesh node 364
18:24:15 | INFO: Blender create Mesh node 365
18:24:15 | INFO: Blender create Mesh node 366
18:24:15 | INFO: Blender create Mesh node 367
18:24:15 | INFO: Blender create Mesh node 368
18:24:15 | INFO: Blender create Mesh node 369
18:24:15 | INFO: Blender create Mesh node 370
18:24:15 | INFO: Blender create Mesh node 371
18:24:15 | INFO: Blender create Mesh node 372
18:24:15 | INFO: Blender create Mesh node 373
18:24:15 | INFO: Blender create Mesh node 374
18:24:15 | INFO: Blender create Mesh node 375
18:24:15 | INFO: Blender create Mesh node 376
18:24:15 | INFO: Blender create Mesh node 377
18:24:15 | INFO: Blender create Mesh node 378
18:24:15 | INFO: Blender create Mesh node 379
18:24:15 | INFO: Blender create Mesh node 380
18:24:15 | INFO: Blender create Mesh node 381
18:24:15 | INFO: Blender create Mesh node 382
18:24:15 | INFO: Blender create Mesh node 383
18:24:15 | INFO: Blender create Mesh node 384
18:24:15 | INFO: Blender create Mesh node 385
18:24:15 | INFO: Blender create Mesh node 386
18:24:15 | INFO: Blender create Mesh node 387
18:24:15 | INFO: Blender create Mesh node 388
18:24:15 | INFO: Blender create Mesh node 389
18:24:15 | INFO: Blender create Mesh node 390
18:24:15 | INFO: Blender create Mesh node 391
18:24:15 | INFO: Blender create Mesh node 392
18:24:15 | INFO: Blender create Mesh node 393
18:24:15 | INFO: Blender create Mesh node 394
18:24:15 | INFO: Blender create Mesh node 395
18:24:15 | INFO: Blender create Mesh node 396
18:24:15 | INFO: Blender create Mesh node 397
18:24:15 | INFO: Blender create Mesh node 398
18:24:15 | INFO: Blender create Mesh node 399
18:24:15 | INFO: Blender create Mesh node 400
18:24:15 | INFO: Blender create Mesh node 401
18:24:15 | INFO: Blender create Mesh node 402
18:24:15 | INFO: Blender create Mesh node 403
18:24:15 | INFO: Blender create Mesh node 404
18:24:15 | INFO: Blender create Mesh node 405
18:24:15 | INFO: Blender create Mesh node 406
18:24:15 | INFO: Blender create Mesh node 407
18:24:15 | INFO: Blender create Mesh node 408
18:24:15 | INFO: Blender create Mesh node 409
18:24:15 | INFO: Blender create Mesh node 410
18:24:15 | INFO: Blender create Mesh node 411
18:24:15 | INFO: Blender create Mesh node 412
18:24:15 | INFO: Blender create Mesh node 413
18:24:15 | INFO: Blender create Mesh node 414
18:24:15 | INFO: Blender create Mesh node 415
18:24:15 | INFO: Blender create Mesh node 416
18:24:15 | INFO: Blender create Mesh node 417
18:24:15 | INFO: Blender create Mesh node 418
18:24:15 | INFO: Blender create Mesh node 419
18:24:15 | INFO: Blender create Mesh node 420
18:24:15 | INFO: Blender create Mesh node 421
18:24:15 | INFO: Blender create Mesh node 422
18:24:15 | INFO: Blender create Mesh node 423
18:24:15 | INFO: Blender create Mesh node 424
18:24:15 | INFO: Blender create Mesh node 425
18:24:15 | INFO: Blender create Mesh node 426
18:24:15 | INFO: Blender create Mesh node 427
18:24:15 | INFO: Blender create Mesh node 428
18:24:15 | INFO: Blender create Mesh node 429
18:24:15 | INFO: Blender create Mesh node 430
18:24:15 | INFO: Blender create Mesh node 431
18:24:15 | INFO: Blender create Mesh node 432
18:24:15 | INFO: Blender create Mesh node 433
18:24:15 | INFO: Blender create Mesh node 434
18:24:15 | INFO: Blender create Mesh node 435
18:24:15 | INFO: Blender create Mesh node 436
18:24:15 | INFO: Blender create Mesh node 437
18:24:15 | INFO: Blender create Mesh node 438
18:24:15 | INFO: Blender create Mesh node 439
18:24:15 | INFO: Blender create Mesh node 440
18:24:15 | INFO: Blender create Mesh node 441
18:24:15 | INFO: Blender create Mesh node 442
18:24:15 | INFO: Blender create Mesh node 443
18:24:15 | INFO: Blender create Mesh node 444
18:24:15 | INFO: Blender create Mesh node 445
18:24:15 | INFO: Blender create Mesh node 446
18:24:15 | INFO: Blender create Mesh node 447
18:24:15 | INFO: Blender create Mesh node 448
18:24:15 | INFO: Blender create Mesh node 449
18:24:15 | INFO: Blender create Mesh node 450
18:24:15 | INFO: Blender create Mesh node 451
18:24:15 | INFO: Blender create Mesh node 452
18:24:15 | INFO: Blender create Mesh node 453
18:24:15 | INFO: Blender create Mesh node 454
18:24:15 | INFO: Blender create Mesh node 455
18:24:15 | INFO: Blender create Mesh node 456
18:24:15 | INFO: Blender create Mesh node 457
18:24:15 | INFO: Blender create Mesh node 458
18:24:15 | INFO: Blender create Mesh node 459
18:24:15 | INFO: Blender create Mesh node 460
18:24:15 | INFO: Blender create Mesh node 461
18:24:15 | INFO: Blender create Mesh node 462
18:24:15 | INFO: Blender create Mesh node 463
18:24:15 | INFO: Blender create Mesh node 464
18:24:15 | INFO: Blender create Mesh node 465
18:24:15 | INFO: Blender create Mesh node 466
18:24:15 | INFO: Blender create Mesh node 467
18:24:15 | INFO: Blender create Mesh node 468
18:24:15 | INFO: Blender create Mesh node 469
18:24:15 | INFO: Blender create Mesh node 470
18:24:15 | INFO: Blender create Mesh node 471
18:24:15 | INFO: Blender create Mesh node 472
18:24:15 | INFO: Blender create Mesh node 473
18:24:15 | INFO: Blender create Mesh node 474
18:24:15 | INFO: Blender create Mesh node 475
18:24:15 | INFO: Blender create Mesh node 476
18:24:15 | INFO: Blender create Mesh node 477
18:24:15 | INFO: Blender create Mesh node 478
18:24:15 | INFO: Blender create Mesh node 479
18:24:15 | INFO: Blender create Mesh node 480
18:24:15 | INFO: Blender create Mesh node 481
18:24:15 | INFO: Blender create Mesh node 482
18:24:15 | INFO: Blender create Mesh node 483
18:24:15 | INFO: Blender create Mesh node 484
18:24:15 | INFO: Blender create Mesh node 485
18:24:15 | INFO: Blender create Mesh node 486
18:24:15 | INFO: Blender create Mesh node 487
18:24:15 | INFO: Blender create Mesh node 488
18:24:15 | INFO: Blender create Mesh node 489
18:24:15 | INFO: Blender create Mesh node 490
18:24:15 | INFO: Blender create Mesh node 491
18:24:15 | INFO: Blender create Mesh node 492
18:24:15 | INFO: Blender create Mesh node 493
18:24:15 | INFO: Blender create Mesh node 494
18:24:15 | INFO: Blender create Mesh node 495
18:24:15 | INFO: Blender create Mesh node 496
18:24:15 | INFO: Blender create Mesh node 497
18:24:15 | INFO: Blender create Mesh node 498
18:24:15 | INFO: Blender create Mesh node 499
18:24:15 | INFO: Blender create Mesh node 500
18:24:15 | INFO: Blender create Mesh node 501
18:24:15 | INFO: Blender create Mesh node 502
18:24:15 | INFO: Blender create Mesh node 503
18:24:15 | INFO: Blender create Mesh node 504
18:24:15 | INFO: Blender create Mesh node 505
18:24:15 | INFO: Blender create Mesh node 506
18:24:15 | INFO: Blender create Mesh node 507
18:24:15 | INFO: Blender create Mesh node 508
18:24:15 | INFO: Blender create Mesh node 509
18:24:15 | INFO: Blender create Mesh node 510
18:24:15 | INFO: Blender create Mesh node 511
18:24:15 | INFO: Blender create Mesh node 512
18:24:15 | INFO: Blender create Mesh node 513
18:24:15 | INFO: Blender create Mesh node 514
18:24:15 | INFO: Blender create Mesh node 515
18:24:15 | INFO: Blender create Mesh node 516
18:24:15 | INFO: Blender create Mesh node 517
18:24:15 | INFO: Blender create Mesh node 518
18:24:15 | INFO: Blender create Mesh node 519
18:24:15 | INFO: Blender create Mesh node 520
18:24:15 | INFO: Blender create Mesh node 521
18:24:15 | INFO: Blender create Mesh node 522
18:24:15 | INFO: Blender create Mesh node 523
18:24:15 | INFO: Blender create Mesh node 524
18:24:15 | INFO: Blender create Mesh node 525
18:24:15 | INFO: Blender create Mesh node 526
18:24:15 | INFO: Blender create Mesh node 527
18:24:15 | INFO: Blender create Mesh node 528
18:24:15 | INFO: Blender create Mesh node 529
18:24:15 | INFO: Blender create Mesh node 530
18:24:15 | INFO: Blender create Mesh node 531
18:24:15 | INFO: Blender create Mesh node 532
18:24:15 | INFO: Blender create Mesh node 533
18:24:15 | INFO: Blender create Mesh node 534
18:24:15 | INFO: Blender create Mesh node 535
18:24:15 | INFO: Blender create Mesh node 536
18:24:15 | INFO: Blender create Mesh node 537
18:24:15 | INFO: Blender create Mesh node 538
18:24:15 | INFO: Blender create Mesh node 539
18:24:15 | INFO: Blender create Mesh node 540
18:24:15 | INFO: Blender create Mesh node 541
18:24:15 | INFO: Blender create Mesh node 542
18:24:15 | INFO: Blender create Mesh node 543
18:24:15 | INFO: Blender create Mesh node 544
18:24:15 | INFO: Blender create Mesh node 545
18:24:15 | INFO: Blender create Mesh node 546
18:24:15 | INFO: Blender create Mesh node 547
18:24:15 | INFO: Blender create Mesh node 548
18:24:15 | INFO: Blender create Mesh node 549
18:24:15 | INFO: glTF import finished in 0.80s
ARCHVIZ_END kitchen: import current design: 1.0s
ARCHVIZ_GEOMETRY_OK kitchen {"sourceObjects": 550, "importedMeshes": 550, "maximumBoundsErrorMetres": 4.418611529999339e-07, "triangleCountsMatch": true, "scope": "Source IDs, per-object world bounds and triangle counts; not a construction/collision certificate."}
<LOCAL_PATH>\runs\20260928T125245Z-4b8f803d7287-08948826\checkout\blender\render_archviz.py:141: DeprecationWarning: 'Material.use_nodes' is expected to be removed in Blender 6.0
  if not mat or not mat.use_nodes or mat.name in seen:
<LOCAL_PATH>\runs\20260928T125245Z-4b8f803d7287-08948826\checkout\blender\render_archviz.py:237: DeprecationWarning: 'World.use_nodes' is expected to be removed in Blender 6.0
  scene.world.use_nodes = True
00:02.172  cycles           | WARNING CUEW initialization failed: Error opening the library
ARCHVIZ_START kitchen: current / draft / HIP
00:06.781  render           | Saved: '<LOCAL_PATH>\runs\20260928T125245Z-4b8f803d7287-08948826\public\renders\archviz\8ad67f8ea4bb488f\current.png'
ARCHVIZ_END kitchen: current / draft / HIP: 4.6s
ARCHVIZ_START kitchen: hero / draft / HIP
00:11.047  render           | Saved: '<LOCAL_PATH>\runs\20260928T125245Z-4b8f803d7287-08948826\public\renders\archviz\8ad67f8ea4bb488f\hero.png'
ARCHVIZ_END kitchen: hero / draft / HIP: 4.3s
ARCHVIZ_START kitchen: reverse / draft / HIP
00:15.359  render           | Saved: '<LOCAL_PATH>\runs\20260928T125245Z-4b8f803d7287-08948826\public\renders\archviz\8ad67f8ea4bb488f\reverse.png'
ARCHVIZ_END kitchen: reverse / draft / HIP: 4.3s
ARCHVIZ_COMPLETE kitchen <LOCAL_PATH>\runs\20260928T125245Z-4b8f803d7287-08948826\public\renders\archviz\8ad67f8ea4bb488f
Blender 5.2.2 LTS (hash d13f752e3b9c built 2026-09-15 01:37:04)

Blender quit
ROOM 2/3: balcony
ARCHVIZ_START balcony: import current design
18:24:31 | INFO: Data are loaded, start creating Blender stuff
18:24:31 | INFO: Blender create Mesh node 0
18:24:31 | INFO: Blender create Mesh node 1
18:24:31 | INFO: Blender create Mesh node 2
18:24:31 | INFO: Blender create Mesh node 3
18:24:31 | INFO: Blender create Mesh node 4
18:24:31 | INFO: Blender create Mesh node 5
18:24:31 | INFO: Blender create Mesh node 6
18:24:31 | INFO: Blender create Mesh node 7
18:24:31 | INFO: Blender create Mesh node 8
18:24:31 | INFO: Blender create Mesh node 9
18:24:31 | INFO: Blender create Mesh node 10
18:24:31 | INFO: Blender create Mesh node 11
18:24:31 | INFO: Blender create Mesh node 12
18:24:31 | INFO: Blender create Mesh node 13
18:24:31 | INFO: Blender create Mesh node 14
18:24:31 | INFO: Blender create Mesh node 15
18:24:31 | INFO: Blender create Mesh node 16
18:24:31 | INFO: Blender create Mesh node 17
18:24:31 | INFO: Blender create Mesh node 18
18:24:31 | INFO: Blender create Mesh node 19
18:24:31 | INFO: Blender create Mesh node 20
18:24:31 | INFO: Blender create Mesh node 21
18:24:31 | INFO: Blender create Mesh node 22
18:24:31 | INFO: Blender create Mesh node 23
18:24:31 | INFO: Blender create Mesh node 24
18:24:31 | INFO: Blender create Mesh node 25
18:24:31 | INFO: Blender create Mesh node 26
18:24:31 | INFO: Blender create Mesh node 27
18:24:31 | INFO: Blender create Mesh node 28
18:24:31 | INFO: Blender create Mesh node 29
18:24:31 | INFO: Blender create Mesh node 30
18:24:31 | INFO: Blender create Mesh node 31
18:24:31 | INFO: Blender create Mesh node 32
18:24:31 | INFO: Blender create Mesh node 33
18:24:31 | INFO: Blender create Mesh node 34
18:24:31 | INFO: Blender create Mesh node 35
18:24:31 | INFO: Blender create Mesh node 36
18:24:31 | INFO: Blender create Mesh node 37
18:24:31 | INFO: Blender create Mesh node 38
18:24:31 | INFO: Blender create Mesh node 39
18:24:31 | INFO: Blender create Mesh node 40
18:24:31 | INFO: Blender create Mesh node 41
18:24:31 | INFO: Blender create Mesh node 42
18:24:31 | INFO: Blender create Mesh node 43
18:24:31 | INFO: Blender create Mesh node 44
18:24:31 | INFO: Blender create Mesh node 45
18:24:31 | INFO: Blender create Mesh node 46
18:24:31 | INFO: Blender create Mesh node 47
18:24:31 | INFO: Blender create Mesh node 48
18:24:31 | INFO: Blender create Mesh node 49
18:24:31 | INFO: Blender create Mesh node 50
18:24:31 | INFO: Blender create Mesh node 51
18:24:31 | INFO: Blender create Mesh node 52
18:24:31 | INFO: Blender create Mesh node 53
18:24:31 | INFO: Blender create Mesh node 54
18:24:31 | INFO: Blender create Mesh node 55
18:24:31 | INFO: Blender create Mesh node 56
18:24:31 | INFO: Blender create Mesh node 57
18:24:31 | INFO: Blender create Mesh node 58
18:24:31 | INFO: Blender create Mesh node 59
18:24:31 | INFO: Blender create Mesh node 60
18:24:31 | INFO: Blender create Mesh node 61
18:24:31 | INFO: Blender create Mesh node 62
18:24:31 | INFO: Blender create Mesh node 63
18:24:31 | INFO: Blender create Mesh node 64
18:24:31 | INFO: Blender create Mesh node 65
18:24:31 | INFO: Blender create Mesh node 66
18:24:31 | INFO: Blender create Mesh node 67
18:24:31 | INFO: Blender create Mesh node 68
18:24:31 | INFO: Blender create Mesh node 69
18:24:31 | INFO: Blender create Mesh node 70
18:24:31 | INFO: Blender create Mesh node 71
18:24:31 | INFO: Blender create Mesh node 72
18:24:31 | INFO: Blender create Mesh node 73
18:24:31 | INFO: Blender create Mesh node 74
18:24:31 | INFO: Blender create Mesh node 75
18:24:31 | INFO: Blender create Mesh node 76
18:24:31 | INFO: Blender create Mesh node 77
18:24:31 | INFO: Blender create Mesh node 78
18:24:31 | INFO: Blender create Mesh node 79
18:24:31 | INFO: Blender create Mesh node 80
18:24:31 | INFO: Blender create Mesh node 81
18:24:31 | INFO: Blender create Mesh node 82
18:24:31 | INFO: Blender create Mesh node 83
18:24:31 | INFO: Blender create Mesh node 84
18:24:31 | INFO: Blender create Mesh node 85
18:24:31 | INFO: Blender create Mesh node 86
18:24:31 | INFO: Blender create Mesh node 87
18:24:31 | INFO: Blender create Mesh node 88
18:24:31 | INFO: Blender create Mesh node 89
18:24:31 | INFO: Blender create Mesh node 90
18:24:31 | INFO: Blender create Mesh node 91
18:24:31 | INFO: Blender create Mesh node 92
18:24:31 | INFO: Blender create Mesh node 93
18:24:31 | INFO: Blender create Mesh node 94
18:24:31 | INFO: Blender create Mesh node 95
18:24:31 | INFO: Blender create Mesh node 96
18:24:31 | INFO: Blender create Mesh node 97
18:24:31 | INFO: Blender create Mesh node 98
18:24:31 | INFO: Blender create Mesh node 99
18:24:31 | INFO: Blender create Mesh node 100
18:24:31 | INFO: Blender create Mesh node 101
18:24:31 | INFO: Blender create Mesh node 102
18:24:31 | INFO: Blender create Mesh node 103
18:24:31 | INFO: Blender create Mesh node 104
18:24:31 | INFO: Blender create Mesh node 105
18:24:31 | INFO: Blender create Mesh node 106
18:24:31 | INFO: Blender create Mesh node 107
18:24:31 | INFO: Blender create Mesh node 108
18:24:31 | INFO: Blender create Mesh node 109
18:24:31 | INFO: Blender create Mesh node 110
18:24:31 | INFO: Blender create Mesh node 111
18:24:31 | INFO: Blender create Mesh node 112
18:24:31 | INFO: Blender create Mesh node 113
18:24:31 | INFO: Blender create Mesh node 114
18:24:31 | INFO: Blender create Mesh node 115
18:24:31 | INFO: Blender create Mesh node 116
18:24:31 | INFO: Blender create Mesh node 117
18:24:31 | INFO: Blender create Mesh node 118
18:24:31 | INFO: Blender create Mesh node 119
18:24:31 | INFO: Blender create Mesh node 120
18:24:31 | INFO: Blender create Mesh node 121
18:24:31 | INFO: Blender create Mesh node 122
18:24:31 | INFO: Blender create Mesh node 123
18:24:31 | INFO: Blender create Mesh node 124
18:24:31 | INFO: Blender create Mesh node 125
18:24:31 | INFO: Blender create Mesh node 126
18:24:31 | INFO: Blender create Mesh node 127
18:24:31 | INFO: Blender create Mesh node 128
18:24:31 | INFO: Blender create Mesh node 129
18:24:31 | INFO: Blender create Mesh node 130
18:24:31 | INFO: Blender create Mesh node 131
18:24:31 | INFO: Blender create Mesh node 132
18:24:31 | INFO: Blender create Mesh node 133
18:24:31 | INFO: Blender create Mesh node 134
18:24:31 | INFO: Blender create Mesh node 135
18:24:31 | INFO: Blender create Mesh node 136
18:24:31 | INFO: Blender create Mesh node 137
18:24:31 | INFO: Blender create Mesh node 138
18:24:31 | INFO: Blender create Mesh node 139
18:24:31 | INFO: Blender create Mesh node 140
18:24:31 | INFO: Blender create Mesh node 141
18:24:31 | INFO: Blender create Mesh node 142
18:24:31 | INFO: Blender create Mesh node 143
18:24:31 | INFO: Blender create Mesh node 144
18:24:31 | INFO: Blender create Mesh node 145
18:24:31 | INFO: Blender create Mesh node 146
18:24:31 | INFO: Blender create Mesh node 147
18:24:31 | INFO: Blender create Mesh node 148
18:24:31 | INFO: Blender create Mesh node 149
18:24:31 | INFO: Blender create Mesh node 150
18:24:31 | INFO: Blender create Mesh node 151
18:24:31 | INFO: Blender create Mesh node 152
18:24:31 | INFO: Blender create Mesh node 153
18:24:31 | INFO: Blender create Mesh node 154
18:24:31 | INFO: Blender create Mesh node 155
18:24:31 | INFO: Blender create Mesh node 156
18:24:31 | INFO: Blender create Mesh node 157
18:24:31 | INFO: Blender create Mesh node 158
18:24:31 | INFO: Blender create Mesh node 159
18:24:31 | INFO: glTF import finished in 0.22s
ARCHVIZ_END balcony: import current design: 0.4s
ARCHVIZ_GEOMETRY_OK balcony {"sourceObjects": 160, "importedMeshes": 160, "maximumBoundsErrorMetres": 2.2906115670906502e-07, "triangleCountsMatch": true, "scope": "Source IDs, per-object world bounds and triangle counts; not a construction/collision certificate."}
<LOCAL_PATH>\runs\20260928T125245Z-4b8f803d7287-08948826\checkout\blender\render_archviz.py:141: DeprecationWarning: 'Material.use_nodes' is expected to be removed in Blender 6.0
  if not mat or not mat.use_nodes or mat.name in seen:
<LOCAL_PATH>\runs\20260928T125245Z-4b8f803d7287-08948826\checkout\blender\render_archviz.py:237: DeprecationWarning: 'World.use_nodes' is expected to be removed in Blender 6.0
  scene.world.use_nodes = True
00:01.766  cycles           | WARNING CUEW initialization failed: Error opening the library
ARCHVIZ_START balcony: current / draft / HIP
00:04.469  render           | Saved: '<LOCAL_PATH>\runs\20260928T125245Z-4b8f803d7287-08948826\public\renders\archviz\04d9f4888d22481e\current.png'
ARCHVIZ_END balcony: current / draft / HIP: 2.7s
ARCHVIZ_START balcony: hero / draft / HIP
00:07.453  render           | Saved: '<LOCAL_PATH>\runs\20260928T125245Z-4b8f803d7287-08948826\public\renders\archviz\04d9f4888d22481e\hero.png'
ARCHVIZ_END balcony: hero / draft / HIP: 3.0s
ARCHVIZ_START balcony: reverse / draft / HIP
00:10.266  render           | Saved: '<LOCAL_PATH>\runs\20260928T125245Z-4b8f803d7287-08948826\public\renders\archviz\04d9f4888d22481e\reverse.png'
ARCHVIZ_END balcony: reverse / draft / HIP: 2.8s
ARCHVIZ_COMPLETE balcony <LOCAL_PATH>\runs\20260928T125245Z-4b8f803d7287-08948826\public\renders\archviz\04d9f4888d22481e
Blender 5.2.2 LTS (hash d13f752e3b9c built 2026-09-15 01:37:04)

Blender quit
ROOM 3/3: drawing
00:00.375  blend            | Read blend: "<LOCAL_PATH>\runs\20260928T125245Z-4b8f803d7287-08948826\checkout\blender\drawing_room\elegant\A501-drawing-elegant.blend"
ARCHVIZ_GEOMETRY_OK drawing {"scope": "Native detailed snapshot; live editable geometry has not been compared."}
<LOCAL_PATH>\runs\20260928T125245Z-4b8f803d7287-08948826\checkout\blender\render_archviz.py:141: DeprecationWarning: 'Material.use_nodes' is expected to be removed in Blender 6.0
  if not mat or not mat.use_nodes or mat.name in seen:
00:00.703  cycles           | WARNING CUEW initialization failed: Error opening the library
ARCHVIZ_START drawing: authored-1 / draft / HIP
00:04.859  render           | Saved: '<LOCAL_PATH>\runs\20260928T125245Z-4b8f803d7287-08948826\public\renders\archviz\80729c7f1e654d61\authored-1.png'
ARCHVIZ_END drawing: authored-1 / draft / HIP: 4.1s
ARCHVIZ_START drawing: authored-2 / draft / HIP
00:08.484  render           | Saved: '<LOCAL_PATH>\runs\20260928T125245Z-4b8f803d7287-08948826\public\renders\archviz\80729c7f1e654d61\authored-2.png'
ARCHVIZ_END drawing: authored-2 / draft / HIP: 3.6s
ARCHVIZ_START drawing: hero / draft / HIP
00:11.953  render           | Saved: '<LOCAL_PATH>\runs\20260928T125245Z-4b8f803d7287-08948826\public\renders\archviz\80729c7f1e654d61\hero.png'
ARCHVIZ_END drawing: hero / draft / HIP: 3.5s
ARCHVIZ_START drawing: reverse / draft / HIP
00:15.375  render           | Saved: '<LOCAL_PATH>\runs\20260928T125245Z-4b8f803d7287-08948826\public\renders\archviz\80729c7f1e654d61\reverse.png'
ARCHVIZ_END drawing: reverse / draft / HIP: 3.4s
ARCHVIZ_COMPLETE drawing <LOCAL_PATH>\runs\20260928T125245Z-4b8f803d7287-08948826\public\renders\archviz\80729c7f1e654d61
Blender 5.2.2 LTS (hash d13f752e3b9c built 2026-09-15 01:37:04)

Blender quit
ARCHVIZ_OUTPUTS_OK: 10 images; visual review is still required
All requested room jobs completed. Open Interior studio > Blender export > Load completed room renders.
