ARCHVIZ_EXPORT_START kitchen: repository defaults in an isolated browser
ARCHVIZ_EXPORT_COMPLETE kitchen
ARCHVIZ_EXPORT_START balcony: repository defaults in an isolated browser
ARCHVIZ_EXPORT_COMPLETE balcony
ROOM 1/3: kitchen
ARCHVIZ_START kitchen: import current design
19:21:39 | INFO: Data are loaded, start creating Blender stuff
19:21:39 | INFO: Blender create Mesh node 0
19:21:39 | INFO: Blender create Mesh node 1
19:21:39 | INFO: Blender create Mesh node 2
19:21:39 | INFO: Blender create Mesh node 3
19:21:39 | INFO: Blender create Mesh node 4
19:21:39 | INFO: Blender create Mesh node 5
19:21:39 | INFO: Blender create Mesh node 6
19:21:39 | INFO: Blender create Mesh node 7
19:21:39 | INFO: Blender create Mesh node 8
19:21:39 | INFO: Blender create Mesh node 9
19:21:39 | INFO: Blender create Mesh node 10
19:21:39 | INFO: Blender create Mesh node 11
19:21:39 | INFO: Blender create Mesh node 12
19:21:39 | INFO: Blender create Mesh node 13
19:21:39 | INFO: Blender create Mesh node 14
19:21:39 | INFO: Blender create Mesh node 15
19:21:39 | INFO: Blender create Mesh node 16
19:21:39 | INFO: Blender create Mesh node 17
19:21:39 | INFO: Blender create Mesh node 18
19:21:39 | INFO: Blender create Mesh node 19
19:21:39 | INFO: Blender create Mesh node 20
19:21:39 | INFO: Blender create Mesh node 21
19:21:39 | INFO: Blender create Mesh node 22
19:21:39 | INFO: Blender create Mesh node 23
19:21:39 | INFO: Blender create Mesh node 24
19:21:39 | INFO: Blender create Mesh node 25
19:21:39 | INFO: Blender create Mesh node 26
19:21:39 | INFO: Blender create Mesh node 27
19:21:39 | INFO: Blender create Mesh node 28
19:21:39 | INFO: Blender create Mesh node 29
19:21:39 | INFO: Blender create Mesh node 30
19:21:39 | INFO: Blender create Mesh node 31
19:21:39 | INFO: Blender create Mesh node 32
19:21:39 | INFO: Blender create Mesh node 33
19:21:39 | INFO: Blender create Mesh node 34
19:21:39 | INFO: Blender create Mesh node 35
19:21:39 | INFO: Blender create Mesh node 36
19:21:39 | INFO: Blender create Mesh node 37
19:21:39 | INFO: Blender create Mesh node 38
19:21:39 | INFO: Blender create Mesh node 39
19:21:39 | INFO: Blender create Mesh node 40
19:21:39 | INFO: Blender create Mesh node 41
19:21:39 | INFO: Blender create Mesh node 42
19:21:39 | INFO: Blender create Mesh node 43
19:21:39 | INFO: Blender create Mesh node 44
19:21:39 | INFO: Blender create Mesh node 45
19:21:39 | INFO: Blender create Mesh node 46
19:21:39 | INFO: Blender create Mesh node 47
19:21:39 | INFO: Blender create Mesh node 48
19:21:39 | INFO: Blender create Mesh node 49
19:21:39 | INFO: Blender create Mesh node 50
19:21:39 | INFO: Blender create Mesh node 51
19:21:39 | INFO: Blender create Mesh node 52
19:21:39 | INFO: Blender create Mesh node 53
19:21:39 | INFO: Blender create Mesh node 54
19:21:39 | INFO: Blender create Mesh node 55
19:21:39 | INFO: Blender create Mesh node 56
19:21:39 | INFO: Blender create Mesh node 57
19:21:39 | INFO: Blender create Mesh node 58
19:21:39 | INFO: Blender create Mesh node 59
19:21:39 | INFO: Blender create Mesh node 60
19:21:39 | INFO: Blender create Mesh node 61
19:21:39 | INFO: Blender create Mesh node 62
19:21:39 | INFO: Blender create Mesh node 63
19:21:39 | INFO: Blender create Mesh node 64
19:21:39 | INFO: Blender create Mesh node 65
19:21:39 | INFO: Blender create Mesh node 66
19:21:39 | INFO: Blender create Mesh node 67
19:21:39 | INFO: Blender create Mesh node 68
19:21:39 | INFO: Blender create Mesh node 69
19:21:39 | INFO: Blender create Mesh node 70
19:21:39 | INFO: Blender create Mesh node 71
19:21:39 | INFO: Blender create Mesh node 72
19:21:39 | INFO: Blender create Mesh node 73
19:21:39 | INFO: Blender create Mesh node 74
19:21:39 | INFO: Blender create Mesh node 75
19:21:39 | INFO: Blender create Mesh node 76
19:21:39 | INFO: Blender create Mesh node 77
19:21:39 | INFO: Blender create Mesh node 78
19:21:39 | INFO: Blender create Mesh node 79
19:21:39 | INFO: Blender create Mesh node 80
19:21:39 | INFO: Blender create Mesh node 81
19:21:39 | INFO: Blender create Mesh node 82
19:21:39 | INFO: Blender create Mesh node 83
19:21:39 | INFO: Blender create Mesh node 84
19:21:39 | INFO: Blender create Mesh node 85
19:21:39 | INFO: Blender create Mesh node 86
19:21:39 | INFO: Blender create Mesh node 87
19:21:39 | INFO: Blender create Mesh node 88
19:21:39 | INFO: Blender create Mesh node 89
19:21:39 | INFO: Blender create Mesh node 90
19:21:39 | INFO: Blender create Mesh node 91
19:21:39 | INFO: Blender create Mesh node 92
19:21:39 | INFO: Blender create Mesh node 93
19:21:39 | INFO: Blender create Mesh node 94
19:21:39 | INFO: Blender create Mesh node 95
19:21:39 | INFO: Blender create Mesh node 96
19:21:39 | INFO: Blender create Mesh node 97
19:21:39 | INFO: Blender create Mesh node 98
19:21:39 | INFO: Blender create Mesh node 99
19:21:39 | INFO: Blender create Mesh node 100
19:21:39 | INFO: Blender create Mesh node 101
19:21:39 | INFO: Blender create Mesh node 102
19:21:39 | INFO: Blender create Mesh node 103
19:21:39 | INFO: Blender create Mesh node 104
19:21:39 | INFO: Blender create Mesh node 105
19:21:39 | INFO: Blender create Mesh node 106
19:21:39 | INFO: Blender create Mesh node 107
19:21:39 | INFO: Blender create Mesh node 108
19:21:39 | INFO: Blender create Mesh node 109
19:21:39 | INFO: Blender create Mesh node 110
19:21:39 | INFO: Blender create Mesh node 111
19:21:39 | INFO: Blender create Mesh node 112
19:21:39 | INFO: Blender create Mesh node 113
19:21:39 | INFO: Blender create Mesh node 114
19:21:39 | INFO: Blender create Mesh node 115
19:21:39 | INFO: Blender create Mesh node 116
19:21:39 | INFO: Blender create Mesh node 117
19:21:39 | INFO: Blender create Mesh node 118
19:21:39 | INFO: Blender create Mesh node 119
19:21:39 | INFO: Blender create Mesh node 120
19:21:39 | INFO: Blender create Mesh node 121
19:21:39 | INFO: Blender create Mesh node 122
19:21:39 | INFO: Blender create Mesh node 123
19:21:39 | INFO: Blender create Mesh node 124
19:21:39 | INFO: Blender create Mesh node 125
19:21:39 | INFO: Blender create Mesh node 126
19:21:39 | INFO: Blender create Mesh node 127
19:21:39 | INFO: Blender create Mesh node 128
19:21:39 | INFO: Blender create Mesh node 129
19:21:39 | INFO: Blender create Mesh node 130
19:21:39 | INFO: Blender create Mesh node 131
19:21:39 | INFO: Blender create Mesh node 132
19:21:39 | INFO: Blender create Mesh node 133
19:21:39 | INFO: Blender create Mesh node 134
19:21:39 | INFO: Blender create Mesh node 135
19:21:39 | INFO: Blender create Mesh node 136
19:21:39 | INFO: Blender create Mesh node 137
19:21:39 | INFO: Blender create Mesh node 138
19:21:39 | INFO: Blender create Mesh node 139
19:21:39 | INFO: Blender create Mesh node 140
19:21:39 | INFO: Blender create Mesh node 141
19:21:39 | INFO: Blender create Mesh node 142
19:21:39 | INFO: Blender create Mesh node 143
19:21:39 | INFO: Blender create Mesh node 144
19:21:39 | INFO: Blender create Mesh node 145
19:21:39 | INFO: Blender create Mesh node 146
19:21:39 | INFO: Blender create Mesh node 147
19:21:39 | INFO: Blender create Mesh node 148
19:21:39 | INFO: Blender create Mesh node 149
19:21:39 | INFO: Blender create Mesh node 150
19:21:39 | INFO: Blender create Mesh node 151
19:21:39 | INFO: Blender create Mesh node 152
19:21:39 | INFO: Blender create Mesh node 153
19:21:39 | INFO: Blender create Mesh node 154
19:21:39 | INFO: Blender create Mesh node 155
19:21:39 | INFO: Blender create Mesh node 156
19:21:39 | INFO: Blender create Mesh node 157
19:21:39 | INFO: Blender create Mesh node 158
19:21:39 | INFO: Blender create Mesh node 159
19:21:39 | INFO: Blender create Mesh node 160
19:21:39 | INFO: Blender create Mesh node 161
19:21:39 | INFO: Blender create Mesh node 162
19:21:39 | INFO: Blender create Mesh node 163
19:21:39 | INFO: Blender create Mesh node 164
19:21:39 | INFO: Blender create Mesh node 165
19:21:39 | INFO: Blender create Mesh node 166
19:21:39 | INFO: Blender create Mesh node 167
19:21:39 | INFO: Blender create Mesh node 168
19:21:39 | INFO: Blender create Mesh node 169
19:21:39 | INFO: Blender create Mesh node 170
19:21:39 | INFO: Blender create Mesh node 171
19:21:39 | INFO: Blender create Mesh node 172
19:21:39 | INFO: Blender create Mesh node 173
19:21:39 | INFO: Blender create Mesh node 174
19:21:39 | INFO: Blender create Mesh node 175
19:21:39 | INFO: Blender create Mesh node 176
19:21:39 | INFO: Blender create Mesh node 177
19:21:39 | INFO: Blender create Mesh node 178
19:21:39 | INFO: Blender create Mesh node 179
19:21:39 | INFO: Blender create Mesh node 180
19:21:39 | INFO: Blender create Mesh node 181
19:21:39 | INFO: Blender create Mesh node 182
19:21:39 | INFO: Blender create Mesh node 183
19:21:39 | INFO: Blender create Mesh node 184
19:21:39 | INFO: Blender create Mesh node 185
19:21:39 | INFO: Blender create Mesh node 186
19:21:39 | INFO: Blender create Mesh node 187
19:21:39 | INFO: Blender create Mesh node 188
19:21:39 | INFO: Blender create Mesh node 189
19:21:39 | INFO: Blender create Mesh node 190
19:21:39 | INFO: Blender create Mesh node 191
19:21:39 | INFO: Blender create Mesh node 192
19:21:39 | INFO: Blender create Mesh node 193
19:21:39 | INFO: Blender create Mesh node 194
19:21:39 | INFO: Blender create Mesh node 195
19:21:39 | INFO: Blender create Mesh node 196
19:21:39 | INFO: Blender create Mesh node 197
19:21:39 | INFO: Blender create Mesh node 198
19:21:39 | INFO: Blender create Mesh node 199
19:21:39 | INFO: Blender create Mesh node 200
19:21:39 | INFO: Blender create Mesh node 201
19:21:39 | INFO: Blender create Mesh node 202
19:21:39 | INFO: Blender create Mesh node 203
19:21:39 | INFO: Blender create Mesh node 204
19:21:39 | INFO: Blender create Mesh node 205
19:21:39 | INFO: Blender create Mesh node 206
19:21:39 | INFO: Blender create Mesh node 207
19:21:39 | INFO: Blender create Mesh node 208
19:21:39 | INFO: Blender create Mesh node 209
19:21:39 | INFO: Blender create Mesh node 210
19:21:39 | INFO: Blender create Mesh node 211
19:21:39 | INFO: Blender create Mesh node 212
19:21:39 | INFO: Blender create Mesh node 213
19:21:39 | INFO: Blender create Mesh node 214
19:21:39 | INFO: Blender create Mesh node 215
19:21:39 | INFO: Blender create Mesh node 216
19:21:39 | INFO: Blender create Mesh node 217
19:21:39 | INFO: Blender create Mesh node 218
19:21:39 | INFO: Blender create Mesh node 219
19:21:39 | INFO: Blender create Mesh node 220
19:21:39 | INFO: Blender create Mesh node 221
19:21:39 | INFO: Blender create Mesh node 222
19:21:39 | INFO: Blender create Mesh node 223
19:21:39 | INFO: Blender create Mesh node 224
19:21:39 | INFO: Blender create Mesh node 225
19:21:39 | INFO: Blender create Mesh node 226
19:21:39 | INFO: Blender create Mesh node 227
19:21:39 | INFO: Blender create Mesh node 228
19:21:39 | INFO: Blender create Mesh node 229
19:21:39 | INFO: Blender create Mesh node 230
19:21:39 | INFO: Blender create Mesh node 231
19:21:39 | INFO: Blender create Mesh node 232
19:21:39 | INFO: Blender create Mesh node 233
19:21:39 | INFO: Blender create Mesh node 234
19:21:39 | INFO: Blender create Mesh node 235
19:21:39 | INFO: Blender create Mesh node 236
19:21:39 | INFO: Blender create Mesh node 237
19:21:39 | INFO: Blender create Mesh node 238
19:21:39 | INFO: Blender create Mesh node 239
19:21:39 | INFO: Blender create Mesh node 240
19:21:39 | INFO: Blender create Mesh node 241
19:21:39 | INFO: Blender create Mesh node 242
19:21:39 | INFO: Blender create Mesh node 243
19:21:39 | INFO: Blender create Mesh node 244
19:21:39 | INFO: Blender create Mesh node 245
19:21:39 | INFO: Blender create Mesh node 246
19:21:39 | INFO: Blender create Mesh node 247
19:21:39 | INFO: Blender create Mesh node 248
19:21:39 | INFO: Blender create Mesh node 249
19:21:39 | INFO: Blender create Mesh node 250
19:21:39 | INFO: Blender create Mesh node 251
19:21:39 | INFO: Blender create Mesh node 252
19:21:39 | INFO: Blender create Mesh node 253
19:21:39 | INFO: Blender create Mesh node 254
19:21:39 | INFO: Blender create Mesh node 255
19:21:39 | INFO: Blender create Mesh node 256
19:21:39 | INFO: Blender create Mesh node 257
19:21:39 | INFO: Blender create Mesh node 258
19:21:39 | INFO: Blender create Mesh node 259
19:21:39 | INFO: Blender create Mesh node 260
19:21:39 | INFO: Blender create Mesh node 261
19:21:39 | INFO: Blender create Mesh node 262
19:21:39 | INFO: Blender create Mesh node 263
19:21:39 | INFO: Blender create Mesh node 264
19:21:39 | INFO: Blender create Mesh node 265
19:21:39 | INFO: Blender create Mesh node 266
19:21:39 | INFO: Blender create Mesh node 267
19:21:39 | INFO: Blender create Mesh node 268
19:21:39 | INFO: Blender create Mesh node 269
19:21:39 | INFO: Blender create Mesh node 270
19:21:39 | INFO: Blender create Mesh node 271
19:21:39 | INFO: Blender create Mesh node 272
19:21:39 | INFO: Blender create Mesh node 273
19:21:39 | INFO: Blender create Mesh node 274
19:21:39 | INFO: Blender create Mesh node 275
19:21:39 | INFO: Blender create Mesh node 276
19:21:39 | INFO: Blender create Mesh node 277
19:21:39 | INFO: Blender create Mesh node 278
19:21:39 | INFO: Blender create Mesh node 279
19:21:39 | INFO: Blender create Mesh node 280
19:21:39 | INFO: Blender create Mesh node 281
19:21:39 | INFO: Blender create Mesh node 282
19:21:39 | INFO: Blender create Mesh node 283
19:21:39 | INFO: Blender create Mesh node 284
19:21:39 | INFO: Blender create Mesh node 285
19:21:39 | INFO: Blender create Mesh node 286
19:21:39 | INFO: Blender create Mesh node 287
19:21:39 | INFO: Blender create Mesh node 288
19:21:39 | INFO: Blender create Mesh node 289
19:21:39 | INFO: Blender create Mesh node 290
19:21:39 | INFO: Blender create Mesh node 291
19:21:39 | INFO: Blender create Mesh node 292
19:21:39 | INFO: Blender create Mesh node 293
19:21:39 | INFO: Blender create Mesh node 294
19:21:39 | INFO: Blender create Mesh node 295
19:21:39 | INFO: Blender create Mesh node 296
19:21:39 | INFO: Blender create Mesh node 297
19:21:39 | INFO: Blender create Mesh node 298
19:21:39 | INFO: Blender create Mesh node 299
19:21:39 | INFO: Blender create Mesh node 300
19:21:39 | INFO: Blender create Mesh node 301
19:21:39 | INFO: Blender create Mesh node 302
19:21:39 | INFO: Blender create Mesh node 303
19:21:39 | INFO: Blender create Mesh node 304
19:21:39 | INFO: Blender create Mesh node 305
19:21:39 | INFO: Blender create Mesh node 306
19:21:39 | INFO: Blender create Mesh node 307
19:21:39 | INFO: Blender create Mesh node 308
19:21:39 | INFO: Blender create Mesh node 309
19:21:39 | INFO: Blender create Mesh node 310
19:21:39 | INFO: Blender create Mesh node 311
19:21:39 | INFO: Blender create Mesh node 312
19:21:39 | INFO: Blender create Mesh node 313
19:21:39 | INFO: Blender create Mesh node 314
19:21:39 | INFO: Blender create Mesh node 315
19:21:39 | INFO: Blender create Mesh node 316
19:21:39 | INFO: Blender create Mesh node 317
19:21:39 | INFO: Blender create Mesh node 318
19:21:39 | INFO: Blender create Mesh node 319
19:21:39 | INFO: Blender create Mesh node 320
19:21:39 | INFO: Blender create Mesh node 321
19:21:39 | INFO: Blender create Mesh node 322
19:21:39 | INFO: Blender create Mesh node 323
19:21:39 | INFO: Blender create Mesh node 324
19:21:39 | INFO: Blender create Mesh node 325
19:21:39 | INFO: Blender create Mesh node 326
19:21:39 | INFO: Blender create Mesh node 327
19:21:39 | INFO: Blender create Mesh node 328
19:21:39 | INFO: Blender create Mesh node 329
19:21:39 | INFO: Blender create Mesh node 330
19:21:39 | INFO: Blender create Mesh node 331
19:21:39 | INFO: Blender create Mesh node 332
19:21:39 | INFO: Blender create Mesh node 333
19:21:39 | INFO: Blender create Mesh node 334
19:21:39 | INFO: Blender create Mesh node 335
19:21:39 | INFO: Blender create Mesh node 336
19:21:39 | INFO: Blender create Mesh node 337
19:21:39 | INFO: Blender create Mesh node 338
19:21:39 | INFO: Blender create Mesh node 339
19:21:39 | INFO: Blender create Mesh node 340
19:21:39 | INFO: Blender create Mesh node 341
19:21:39 | INFO: Blender create Mesh node 342
19:21:39 | INFO: Blender create Mesh node 343
19:21:39 | INFO: Blender create Mesh node 344
19:21:39 | INFO: Blender create Mesh node 345
19:21:39 | INFO: Blender create Mesh node 346
19:21:39 | INFO: Blender create Mesh node 347
19:21:39 | INFO: Blender create Mesh node 348
19:21:39 | INFO: Blender create Mesh node 349
19:21:39 | INFO: Blender create Mesh node 350
19:21:39 | INFO: Blender create Mesh node 351
19:21:39 | INFO: Blender create Mesh node 352
19:21:39 | INFO: Blender create Mesh node 353
19:21:39 | INFO: Blender create Mesh node 354
19:21:39 | INFO: Blender create Mesh node 355
19:21:39 | INFO: Blender create Mesh node 356
19:21:39 | INFO: Blender create Mesh node 357
19:21:39 | INFO: Blender create Mesh node 358
19:21:39 | INFO: Blender create Mesh node 359
19:21:39 | INFO: Blender create Mesh node 360
19:21:39 | INFO: Blender create Mesh node 361
19:21:39 | INFO: Blender create Mesh node 362
19:21:39 | INFO: Blender create Mesh node 363
19:21:39 | INFO: Blender create Mesh node 364
19:21:39 | INFO: Blender create Mesh node 365
19:21:39 | INFO: Blender create Mesh node 366
19:21:39 | INFO: Blender create Mesh node 367
19:21:39 | INFO: Blender create Mesh node 368
19:21:39 | INFO: Blender create Mesh node 369
19:21:39 | INFO: Blender create Mesh node 370
19:21:39 | INFO: Blender create Mesh node 371
19:21:39 | INFO: Blender create Mesh node 372
19:21:39 | INFO: Blender create Mesh node 373
19:21:39 | INFO: Blender create Mesh node 374
19:21:39 | INFO: Blender create Mesh node 375
19:21:39 | INFO: Blender create Mesh node 376
19:21:39 | INFO: Blender create Mesh node 377
19:21:39 | INFO: Blender create Mesh node 378
19:21:39 | INFO: Blender create Mesh node 379
19:21:39 | INFO: Blender create Mesh node 380
19:21:39 | INFO: Blender create Mesh node 381
19:21:39 | INFO: Blender create Mesh node 382
19:21:39 | INFO: Blender create Mesh node 383
19:21:39 | INFO: Blender create Mesh node 384
19:21:39 | INFO: Blender create Mesh node 385
19:21:39 | INFO: Blender create Mesh node 386
19:21:39 | INFO: Blender create Mesh node 387
19:21:39 | INFO: Blender create Mesh node 388
19:21:39 | INFO: Blender create Mesh node 389
19:21:39 | INFO: Blender create Mesh node 390
19:21:39 | INFO: Blender create Mesh node 391
19:21:39 | INFO: Blender create Mesh node 392
19:21:39 | INFO: Blender create Mesh node 393
19:21:39 | INFO: Blender create Mesh node 394
19:21:39 | INFO: Blender create Mesh node 395
19:21:39 | INFO: Blender create Mesh node 396
19:21:39 | INFO: Blender create Mesh node 397
19:21:39 | INFO: Blender create Mesh node 398
19:21:39 | INFO: Blender create Mesh node 399
19:21:39 | INFO: Blender create Mesh node 400
19:21:39 | INFO: Blender create Mesh node 401
19:21:39 | INFO: Blender create Mesh node 402
19:21:39 | INFO: Blender create Mesh node 403
19:21:39 | INFO: Blender create Mesh node 404
19:21:39 | INFO: Blender create Mesh node 405
19:21:39 | INFO: Blender create Mesh node 406
19:21:39 | INFO: Blender create Mesh node 407
19:21:39 | INFO: Blender create Mesh node 408
19:21:39 | INFO: Blender create Mesh node 409
19:21:39 | INFO: Blender create Mesh node 410
19:21:39 | INFO: Blender create Mesh node 411
19:21:39 | INFO: Blender create Mesh node 412
19:21:39 | INFO: Blender create Mesh node 413
19:21:39 | INFO: Blender create Mesh node 414
19:21:39 | INFO: Blender create Mesh node 415
19:21:39 | INFO: Blender create Mesh node 416
19:21:39 | INFO: Blender create Mesh node 417
19:21:39 | INFO: Blender create Mesh node 418
19:21:39 | INFO: Blender create Mesh node 419
19:21:39 | INFO: Blender create Mesh node 420
19:21:39 | INFO: Blender create Mesh node 421
19:21:39 | INFO: Blender create Mesh node 422
19:21:39 | INFO: Blender create Mesh node 423
19:21:39 | INFO: Blender create Mesh node 424
19:21:39 | INFO: Blender create Mesh node 425
19:21:39 | INFO: Blender create Mesh node 426
19:21:39 | INFO: Blender create Mesh node 427
19:21:39 | INFO: Blender create Mesh node 428
19:21:39 | INFO: Blender create Mesh node 429
19:21:39 | INFO: Blender create Mesh node 430
19:21:39 | INFO: Blender create Mesh node 431
19:21:39 | INFO: Blender create Mesh node 432
19:21:39 | INFO: Blender create Mesh node 433
19:21:39 | INFO: Blender create Mesh node 434
19:21:39 | INFO: Blender create Mesh node 435
19:21:39 | INFO: Blender create Mesh node 436
19:21:39 | INFO: Blender create Mesh node 437
19:21:39 | INFO: Blender create Mesh node 438
19:21:39 | INFO: Blender create Mesh node 439
19:21:39 | INFO: Blender create Mesh node 440
19:21:39 | INFO: Blender create Mesh node 441
19:21:39 | INFO: Blender create Mesh node 442
19:21:39 | INFO: Blender create Mesh node 443
19:21:39 | INFO: Blender create Mesh node 444
19:21:39 | INFO: Blender create Mesh node 445
19:21:39 | INFO: Blender create Mesh node 446
19:21:39 | INFO: Blender create Mesh node 447
19:21:39 | INFO: Blender create Mesh node 448
19:21:39 | INFO: Blender create Mesh node 449
19:21:39 | INFO: Blender create Mesh node 450
19:21:39 | INFO: Blender create Mesh node 451
19:21:39 | INFO: Blender create Mesh node 452
19:21:39 | INFO: Blender create Mesh node 453
19:21:39 | INFO: Blender create Mesh node 454
19:21:39 | INFO: Blender create Mesh node 455
19:21:39 | INFO: Blender create Mesh node 456
19:21:39 | INFO: Blender create Mesh node 457
19:21:39 | INFO: Blender create Mesh node 458
19:21:39 | INFO: Blender create Mesh node 459
19:21:39 | INFO: Blender create Mesh node 460
19:21:39 | INFO: Blender create Mesh node 461
19:21:39 | INFO: Blender create Mesh node 462
19:21:39 | INFO: Blender create Mesh node 463
19:21:39 | INFO: Blender create Mesh node 464
19:21:39 | INFO: Blender create Mesh node 465
19:21:39 | INFO: Blender create Mesh node 466
19:21:39 | INFO: Blender create Mesh node 467
19:21:39 | INFO: Blender create Mesh node 468
19:21:39 | INFO: Blender create Mesh node 469
19:21:39 | INFO: Blender create Mesh node 470
19:21:39 | INFO: Blender create Mesh node 471
19:21:39 | INFO: Blender create Mesh node 472
19:21:39 | INFO: Blender create Mesh node 473
19:21:39 | INFO: Blender create Mesh node 474
19:21:39 | INFO: Blender create Mesh node 475
19:21:39 | INFO: Blender create Mesh node 476
19:21:39 | INFO: Blender create Mesh node 477
19:21:39 | INFO: Blender create Mesh node 478
19:21:39 | INFO: Blender create Mesh node 479
19:21:39 | INFO: Blender create Mesh node 480
19:21:39 | INFO: Blender create Mesh node 481
19:21:39 | INFO: Blender create Mesh node 482
19:21:39 | INFO: Blender create Mesh node 483
19:21:39 | INFO: Blender create Mesh node 484
19:21:39 | INFO: Blender create Mesh node 485
19:21:39 | INFO: Blender create Mesh node 486
19:21:39 | INFO: Blender create Mesh node 487
19:21:39 | INFO: Blender create Mesh node 488
19:21:39 | INFO: Blender create Mesh node 489
19:21:39 | INFO: Blender create Mesh node 490
19:21:39 | INFO: Blender create Mesh node 491
19:21:39 | INFO: Blender create Mesh node 492
19:21:39 | INFO: Blender create Mesh node 493
19:21:39 | INFO: Blender create Mesh node 494
19:21:39 | INFO: Blender create Mesh node 495
19:21:39 | INFO: Blender create Mesh node 496
19:21:39 | INFO: Blender create Mesh node 497
19:21:39 | INFO: Blender create Mesh node 498
19:21:39 | INFO: Blender create Mesh node 499
19:21:39 | INFO: Blender create Mesh node 500
19:21:39 | INFO: Blender create Mesh node 501
19:21:39 | INFO: Blender create Mesh node 502
19:21:39 | INFO: Blender create Mesh node 503
19:21:39 | INFO: Blender create Mesh node 504
19:21:39 | INFO: Blender create Mesh node 505
19:21:39 | INFO: Blender create Mesh node 506
19:21:39 | INFO: Blender create Mesh node 507
19:21:39 | INFO: Blender create Mesh node 508
19:21:39 | INFO: Blender create Mesh node 509
19:21:39 | INFO: Blender create Mesh node 510
19:21:39 | INFO: Blender create Mesh node 511
19:21:39 | INFO: Blender create Mesh node 512
19:21:39 | INFO: Blender create Mesh node 513
19:21:39 | INFO: Blender create Mesh node 514
19:21:39 | INFO: Blender create Mesh node 515
19:21:39 | INFO: Blender create Mesh node 516
19:21:39 | INFO: Blender create Mesh node 517
19:21:39 | INFO: Blender create Mesh node 518
19:21:39 | INFO: Blender create Mesh node 519
19:21:39 | INFO: Blender create Mesh node 520
19:21:39 | INFO: Blender create Mesh node 521
19:21:39 | INFO: Blender create Mesh node 522
19:21:39 | INFO: Blender create Mesh node 523
19:21:39 | INFO: Blender create Mesh node 524
19:21:39 | INFO: Blender create Mesh node 525
19:21:39 | INFO: Blender create Mesh node 526
19:21:39 | INFO: Blender create Mesh node 527
19:21:39 | INFO: Blender create Mesh node 528
19:21:39 | INFO: Blender create Mesh node 529
19:21:39 | INFO: Blender create Mesh node 530
19:21:39 | INFO: Blender create Mesh node 531
19:21:39 | INFO: Blender create Mesh node 532
19:21:39 | INFO: Blender create Mesh node 533
19:21:39 | INFO: Blender create Mesh node 534
19:21:39 | INFO: Blender create Mesh node 535
19:21:39 | INFO: Blender create Mesh node 536
19:21:39 | INFO: Blender create Mesh node 537
19:21:39 | INFO: Blender create Mesh node 538
19:21:39 | INFO: Blender create Mesh node 539
19:21:39 | INFO: Blender create Mesh node 540
19:21:39 | INFO: Blender create Mesh node 541
19:21:39 | INFO: Blender create Mesh node 542
19:21:39 | INFO: Blender create Mesh node 543
19:21:39 | INFO: Blender create Mesh node 544
19:21:39 | INFO: Blender create Mesh node 545
19:21:39 | INFO: Blender create Mesh node 546
19:21:39 | INFO: Blender create Mesh node 547
19:21:39 | INFO: Blender create Mesh node 548
19:21:39 | INFO: Blender create Mesh node 549
19:21:39 | INFO: glTF import finished in 0.90s
ARCHVIZ_END kitchen: import current design: 1.9s
ARCHVIZ_GEOMETRY_OK kitchen {"sourceObjects": 550, "importedMeshes": 550, "maximumBoundsErrorMetres": 4.418611529999339e-07, "triangleCountsMatch": true, "scope": "Source IDs, per-object world bounds and triangle counts; not a construction/collision certificate."}
<LOCAL_PATH>\runs\20260928T135052Z-b739c59c1d4a-7c468b53\checkout\blender\render_archviz.py:143: DeprecationWarning: 'Material.use_nodes' is expected to be removed in Blender 6.0
  if not mat or not mat.use_nodes or mat.name in seen:
<LOCAL_PATH>\runs\20260928T135052Z-b739c59c1d4a-7c468b53\checkout\blender\render_archviz.py:239: DeprecationWarning: 'World.use_nodes' is expected to be removed in Blender 6.0
  scene.world.use_nodes = True
00:05.235  cycles           | WARNING CUEW initialization failed: Error opening the library
ARCHVIZ_START kitchen: current / draft / HIP
00:10.266  render           | Saved: '<LOCAL_PATH>\runs\20260928T135052Z-b739c59c1d4a-7c468b53\public\renders\archviz\f49e9d5352a54bbb\current.png'
ARCHVIZ_END kitchen: current / draft / HIP: 5.0s
ARCHVIZ_START kitchen: hero / draft / HIP
00:14.641  render           | Saved: '<LOCAL_PATH>\runs\20260928T135052Z-b739c59c1d4a-7c468b53\public\renders\archviz\f49e9d5352a54bbb\hero.png'
ARCHVIZ_END kitchen: hero / draft / HIP: 4.4s
ARCHVIZ_START kitchen: reverse / draft / HIP
00:18.907  render           | Saved: '<LOCAL_PATH>\runs\20260928T135052Z-b739c59c1d4a-7c468b53\public\renders\archviz\f49e9d5352a54bbb\reverse.png'
ARCHVIZ_END kitchen: reverse / draft / HIP: 4.2s
ARCHVIZ_COMPLETE kitchen <LOCAL_PATH>\runs\20260928T135052Z-b739c59c1d4a-7c468b53\public\renders\archviz\f49e9d5352a54bbb
Blender 5.2.2 LTS (hash d13f752e3b9c built 2026-09-15 01:37:04)

Blender quit
ROOM 2/3: balcony
ARCHVIZ_START balcony: import current design
19:21:55 | INFO: Data are loaded, start creating Blender stuff
19:21:55 | INFO: Blender create Mesh node 0
19:21:55 | INFO: Blender create Mesh node 1
19:21:55 | INFO: Blender create Mesh node 2
19:21:55 | INFO: Blender create Mesh node 3
19:21:55 | INFO: Blender create Mesh node 4
19:21:55 | INFO: Blender create Mesh node 5
19:21:55 | INFO: Blender create Mesh node 6
19:21:55 | INFO: Blender create Mesh node 7
19:21:55 | INFO: Blender create Mesh node 8
19:21:55 | INFO: Blender create Mesh node 9
19:21:55 | INFO: Blender create Mesh node 10
19:21:55 | INFO: Blender create Mesh node 11
19:21:55 | INFO: Blender create Mesh node 12
19:21:55 | INFO: Blender create Mesh node 13
19:21:55 | INFO: Blender create Mesh node 14
19:21:55 | INFO: Blender create Mesh node 15
19:21:55 | INFO: Blender create Mesh node 16
19:21:55 | INFO: Blender create Mesh node 17
19:21:55 | INFO: Blender create Mesh node 18
19:21:55 | INFO: Blender create Mesh node 19
19:21:55 | INFO: Blender create Mesh node 20
19:21:55 | INFO: Blender create Mesh node 21
19:21:55 | INFO: Blender create Mesh node 22
19:21:55 | INFO: Blender create Mesh node 23
19:21:55 | INFO: Blender create Mesh node 24
19:21:55 | INFO: Blender create Mesh node 25
19:21:55 | INFO: Blender create Mesh node 26
19:21:55 | INFO: Blender create Mesh node 27
19:21:55 | INFO: Blender create Mesh node 28
19:21:55 | INFO: Blender create Mesh node 29
19:21:55 | INFO: Blender create Mesh node 30
19:21:55 | INFO: Blender create Mesh node 31
19:21:55 | INFO: Blender create Mesh node 32
19:21:55 | INFO: Blender create Mesh node 33
19:21:55 | INFO: Blender create Mesh node 34
19:21:55 | INFO: Blender create Mesh node 35
19:21:55 | INFO: Blender create Mesh node 36
19:21:55 | INFO: Blender create Mesh node 37
19:21:55 | INFO: Blender create Mesh node 38
19:21:55 | INFO: Blender create Mesh node 39
19:21:55 | INFO: Blender create Mesh node 40
19:21:55 | INFO: Blender create Mesh node 41
19:21:55 | INFO: Blender create Mesh node 42
19:21:55 | INFO: Blender create Mesh node 43
19:21:55 | INFO: Blender create Mesh node 44
19:21:55 | INFO: Blender create Mesh node 45
19:21:55 | INFO: Blender create Mesh node 46
19:21:55 | INFO: Blender create Mesh node 47
19:21:55 | INFO: Blender create Mesh node 48
19:21:55 | INFO: Blender create Mesh node 49
19:21:55 | INFO: Blender create Mesh node 50
19:21:55 | INFO: Blender create Mesh node 51
19:21:55 | INFO: Blender create Mesh node 52
19:21:55 | INFO: Blender create Mesh node 53
19:21:55 | INFO: Blender create Mesh node 54
19:21:55 | INFO: Blender create Mesh node 55
19:21:55 | INFO: Blender create Mesh node 56
19:21:55 | INFO: Blender create Mesh node 57
19:21:55 | INFO: Blender create Mesh node 58
19:21:55 | INFO: Blender create Mesh node 59
19:21:55 | INFO: Blender create Mesh node 60
19:21:55 | INFO: Blender create Mesh node 61
19:21:55 | INFO: Blender create Mesh node 62
19:21:55 | INFO: Blender create Mesh node 63
19:21:55 | INFO: Blender create Mesh node 64
19:21:55 | INFO: Blender create Mesh node 65
19:21:55 | INFO: Blender create Mesh node 66
19:21:55 | INFO: Blender create Mesh node 67
19:21:55 | INFO: Blender create Mesh node 68
19:21:55 | INFO: Blender create Mesh node 69
19:21:55 | INFO: Blender create Mesh node 70
19:21:55 | INFO: Blender create Mesh node 71
19:21:55 | INFO: Blender create Mesh node 72
19:21:55 | INFO: Blender create Mesh node 73
19:21:55 | INFO: Blender create Mesh node 74
19:21:55 | INFO: Blender create Mesh node 75
19:21:55 | INFO: Blender create Mesh node 76
19:21:55 | INFO: Blender create Mesh node 77
19:21:55 | INFO: Blender create Mesh node 78
19:21:55 | INFO: Blender create Mesh node 79
19:21:55 | INFO: Blender create Mesh node 80
19:21:55 | INFO: Blender create Mesh node 81
19:21:55 | INFO: Blender create Mesh node 82
19:21:55 | INFO: Blender create Mesh node 83
19:21:55 | INFO: Blender create Mesh node 84
19:21:55 | INFO: Blender create Mesh node 85
19:21:55 | INFO: Blender create Mesh node 86
19:21:55 | INFO: Blender create Mesh node 87
19:21:55 | INFO: Blender create Mesh node 88
19:21:55 | INFO: Blender create Mesh node 89
19:21:55 | INFO: Blender create Mesh node 90
19:21:55 | INFO: Blender create Mesh node 91
19:21:55 | INFO: Blender create Mesh node 92
19:21:55 | INFO: Blender create Mesh node 93
19:21:55 | INFO: Blender create Mesh node 94
19:21:55 | INFO: Blender create Mesh node 95
19:21:55 | INFO: Blender create Mesh node 96
19:21:55 | INFO: Blender create Mesh node 97
19:21:55 | INFO: Blender create Mesh node 98
19:21:55 | INFO: Blender create Mesh node 99
19:21:55 | INFO: Blender create Mesh node 100
19:21:55 | INFO: Blender create Mesh node 101
19:21:55 | INFO: Blender create Mesh node 102
19:21:55 | INFO: Blender create Mesh node 103
19:21:55 | INFO: Blender create Mesh node 104
19:21:55 | INFO: Blender create Mesh node 105
19:21:55 | INFO: Blender create Mesh node 106
19:21:55 | INFO: Blender create Mesh node 107
19:21:55 | INFO: Blender create Mesh node 108
19:21:55 | INFO: Blender create Mesh node 109
19:21:55 | INFO: Blender create Mesh node 110
19:21:55 | INFO: Blender create Mesh node 111
19:21:55 | INFO: Blender create Mesh node 112
19:21:55 | INFO: Blender create Mesh node 113
19:21:55 | INFO: Blender create Mesh node 114
19:21:55 | INFO: Blender create Mesh node 115
19:21:55 | INFO: Blender create Mesh node 116
19:21:55 | INFO: Blender create Mesh node 117
19:21:55 | INFO: Blender create Mesh node 118
19:21:55 | INFO: Blender create Mesh node 119
19:21:55 | INFO: Blender create Mesh node 120
19:21:55 | INFO: Blender create Mesh node 121
19:21:55 | INFO: Blender create Mesh node 122
19:21:55 | INFO: Blender create Mesh node 123
19:21:55 | INFO: Blender create Mesh node 124
19:21:55 | INFO: Blender create Mesh node 125
19:21:55 | INFO: Blender create Mesh node 126
19:21:55 | INFO: Blender create Mesh node 127
19:21:55 | INFO: Blender create Mesh node 128
19:21:55 | INFO: Blender create Mesh node 129
19:21:55 | INFO: Blender create Mesh node 130
19:21:55 | INFO: Blender create Mesh node 131
19:21:55 | INFO: Blender create Mesh node 132
19:21:55 | INFO: Blender create Mesh node 133
19:21:55 | INFO: Blender create Mesh node 134
19:21:55 | INFO: Blender create Mesh node 135
19:21:55 | INFO: Blender create Mesh node 136
19:21:55 | INFO: Blender create Mesh node 137
19:21:55 | INFO: Blender create Mesh node 138
19:21:55 | INFO: Blender create Mesh node 139
19:21:55 | INFO: Blender create Mesh node 140
19:21:55 | INFO: Blender create Mesh node 141
19:21:55 | INFO: Blender create Mesh node 142
19:21:55 | INFO: Blender create Mesh node 143
19:21:55 | INFO: Blender create Mesh node 144
19:21:55 | INFO: Blender create Mesh node 145
19:21:55 | INFO: Blender create Mesh node 146
19:21:55 | INFO: Blender create Mesh node 147
19:21:55 | INFO: Blender create Mesh node 148
19:21:55 | INFO: Blender create Mesh node 149
19:21:55 | INFO: Blender create Mesh node 150
19:21:55 | INFO: Blender create Mesh node 151
19:21:55 | INFO: Blender create Mesh node 152
19:21:55 | INFO: Blender create Mesh node 153
19:21:55 | INFO: Blender create Mesh node 154
19:21:55 | INFO: Blender create Mesh node 155
19:21:55 | INFO: Blender create Mesh node 156
19:21:55 | INFO: Blender create Mesh node 157
19:21:55 | INFO: Blender create Mesh node 158
19:21:55 | INFO: Blender create Mesh node 159
19:21:55 | INFO: glTF import finished in 0.18s
ARCHVIZ_END balcony: import current design: 0.3s
ARCHVIZ_GEOMETRY_OK balcony {"sourceObjects": 160, "importedMeshes": 160, "maximumBoundsErrorMetres": 2.0371377473793473e-07, "triangleCountsMatch": true, "scope": "Source IDs, per-object world bounds and triangle counts; not a construction/collision certificate."}
<LOCAL_PATH>\runs\20260928T135052Z-b739c59c1d4a-7c468b53\checkout\blender\render_archviz.py:143: DeprecationWarning: 'Material.use_nodes' is expected to be removed in Blender 6.0
  if not mat or not mat.use_nodes or mat.name in seen:
<LOCAL_PATH>\runs\20260928T135052Z-b739c59c1d4a-7c468b53\checkout\blender\render_archviz.py:239: DeprecationWarning: 'World.use_nodes' is expected to be removed in Blender 6.0
  scene.world.use_nodes = True
00:00.828  cycles           | WARNING CUEW initialization failed: Error opening the library
ARCHVIZ_START balcony: current / draft / HIP
00:03.344  render           | Saved: '<LOCAL_PATH>\runs\20260928T135052Z-b739c59c1d4a-7c468b53\public\renders\archviz\8ec732219ad64d08\current.png'
ARCHVIZ_END balcony: current / draft / HIP: 2.5s
ARCHVIZ_START balcony: hero / draft / HIP
00:06.094  render           | Saved: '<LOCAL_PATH>\runs\20260928T135052Z-b739c59c1d4a-7c468b53\public\renders\archviz\8ec732219ad64d08\hero.png'
ARCHVIZ_END balcony: hero / draft / HIP: 2.7s
ARCHVIZ_START balcony: reverse / draft / HIP
00:08.703  render           | Saved: '<LOCAL_PATH>\runs\20260928T135052Z-b739c59c1d4a-7c468b53\public\renders\archviz\8ec732219ad64d08\reverse.png'
ARCHVIZ_END balcony: reverse / draft / HIP: 2.6s
ARCHVIZ_COMPLETE balcony <LOCAL_PATH>\runs\20260928T135052Z-b739c59c1d4a-7c468b53\public\renders\archviz\8ec732219ad64d08
Blender 5.2.2 LTS (hash d13f752e3b9c built 2026-09-15 01:37:04)

Blender quit
ROOM 3/3: drawing
00:00.391  blend            | Read blend: "<LOCAL_PATH>\runs\20260928T135052Z-b739c59c1d4a-7c468b53\checkout\blender\drawing_room\elegant\A501-drawing-elegant.blend"
ARCHVIZ_GEOMETRY_OK drawing {"scope": "Native detailed snapshot; live editable geometry has not been compared."}
<LOCAL_PATH>\runs\20260928T135052Z-b739c59c1d4a-7c468b53\checkout\blender\render_archviz.py:143: DeprecationWarning: 'Material.use_nodes' is expected to be removed in Blender 6.0
  if not mat or not mat.use_nodes or mat.name in seen:
00:00.922  cycles           | WARNING CUEW initialization failed: Error opening the library
ARCHVIZ_START drawing: authored-1 / draft / HIP
00:05.094  render           | Saved: '<LOCAL_PATH>\runs\20260928T135052Z-b739c59c1d4a-7c468b53\public\renders\archviz\7ac5531af345437f\authored-1.png'
ARCHVIZ_END drawing: authored-1 / draft / HIP: 4.2s
ARCHVIZ_START drawing: authored-2 / draft / HIP
00:08.859  render           | Saved: '<LOCAL_PATH>\runs\20260928T135052Z-b739c59c1d4a-7c468b53\public\renders\archviz\7ac5531af345437f\authored-2.png'
ARCHVIZ_END drawing: authored-2 / draft / HIP: 3.7s
ARCHVIZ_START drawing: hero / draft / HIP
00:12.438  render           | Saved: '<LOCAL_PATH>\runs\20260928T135052Z-b739c59c1d4a-7c468b53\public\renders\archviz\7ac5531af345437f\hero.png'
ARCHVIZ_END drawing: hero / draft / HIP: 3.6s
ARCHVIZ_START drawing: reverse / draft / HIP
00:16.063  render           | Saved: '<LOCAL_PATH>\runs\20260928T135052Z-b739c59c1d4a-7c468b53\public\renders\archviz\7ac5531af345437f\reverse.png'
ARCHVIZ_END drawing: reverse / draft / HIP: 3.6s
ARCHVIZ_COMPLETE drawing <LOCAL_PATH>\runs\20260928T135052Z-b739c59c1d4a-7c468b53\public\renders\archviz\7ac5531af345437f
Blender 5.2.2 LTS (hash d13f752e3b9c built 2026-09-15 01:37:04)

Blender quit
ARCHVIZ_OUTPUTS_OK: 10 images; visual review is still required
All requested room jobs completed. Open Interior studio > Blender export > Load completed room renders.
