ARCHVIZ_EXPORT_START kitchen: repository defaults in an isolated browser
ARCHVIZ_EXPORT_COMPLETE kitchen
ARCHVIZ_EXPORT_START balcony: repository defaults in an isolated browser
ARCHVIZ_EXPORT_COMPLETE balcony
ROOM 1/3: kitchen
ARCHVIZ_START kitchen: import current design
19:33:19 | INFO: Data are loaded, start creating Blender stuff
19:33:19 | INFO: Blender create Mesh node 0
19:33:19 | INFO: Blender create Mesh node 1
19:33:19 | INFO: Blender create Mesh node 2
19:33:19 | INFO: Blender create Mesh node 3
19:33:19 | INFO: Blender create Mesh node 4
19:33:19 | INFO: Blender create Mesh node 5
19:33:19 | INFO: Blender create Mesh node 6
19:33:19 | INFO: Blender create Mesh node 7
19:33:19 | INFO: Blender create Mesh node 8
19:33:19 | INFO: Blender create Mesh node 9
19:33:19 | INFO: Blender create Mesh node 10
19:33:19 | INFO: Blender create Mesh node 11
19:33:19 | INFO: Blender create Mesh node 12
19:33:19 | INFO: Blender create Mesh node 13
19:33:19 | INFO: Blender create Mesh node 14
19:33:19 | INFO: Blender create Mesh node 15
19:33:19 | INFO: Blender create Mesh node 16
19:33:19 | INFO: Blender create Mesh node 17
19:33:19 | INFO: Blender create Mesh node 18
19:33:19 | INFO: Blender create Mesh node 19
19:33:19 | INFO: Blender create Mesh node 20
19:33:19 | INFO: Blender create Mesh node 21
19:33:19 | INFO: Blender create Mesh node 22
19:33:19 | INFO: Blender create Mesh node 23
19:33:19 | INFO: Blender create Mesh node 24
19:33:19 | INFO: Blender create Mesh node 25
19:33:19 | INFO: Blender create Mesh node 26
19:33:19 | INFO: Blender create Mesh node 27
19:33:19 | INFO: Blender create Mesh node 28
19:33:19 | INFO: Blender create Mesh node 29
19:33:19 | INFO: Blender create Mesh node 30
19:33:19 | INFO: Blender create Mesh node 31
19:33:19 | INFO: Blender create Mesh node 32
19:33:19 | INFO: Blender create Mesh node 33
19:33:19 | INFO: Blender create Mesh node 34
19:33:19 | INFO: Blender create Mesh node 35
19:33:19 | INFO: Blender create Mesh node 36
19:33:19 | INFO: Blender create Mesh node 37
19:33:19 | INFO: Blender create Mesh node 38
19:33:19 | INFO: Blender create Mesh node 39
19:33:19 | INFO: Blender create Mesh node 40
19:33:19 | INFO: Blender create Mesh node 41
19:33:19 | INFO: Blender create Mesh node 42
19:33:19 | INFO: Blender create Mesh node 43
19:33:19 | INFO: Blender create Mesh node 44
19:33:19 | INFO: Blender create Mesh node 45
19:33:19 | INFO: Blender create Mesh node 46
19:33:19 | INFO: Blender create Mesh node 47
19:33:19 | INFO: Blender create Mesh node 48
19:33:19 | INFO: Blender create Mesh node 49
19:33:19 | INFO: Blender create Mesh node 50
19:33:19 | INFO: Blender create Mesh node 51
19:33:19 | INFO: Blender create Mesh node 52
19:33:19 | INFO: Blender create Mesh node 53
19:33:19 | INFO: Blender create Mesh node 54
19:33:19 | INFO: Blender create Mesh node 55
19:33:19 | INFO: Blender create Mesh node 56
19:33:19 | INFO: Blender create Mesh node 57
19:33:19 | INFO: Blender create Mesh node 58
19:33:19 | INFO: Blender create Mesh node 59
19:33:19 | INFO: Blender create Mesh node 60
19:33:19 | INFO: Blender create Mesh node 61
19:33:19 | INFO: Blender create Mesh node 62
19:33:19 | INFO: Blender create Mesh node 63
19:33:19 | INFO: Blender create Mesh node 64
19:33:19 | INFO: Blender create Mesh node 65
19:33:19 | INFO: Blender create Mesh node 66
19:33:19 | INFO: Blender create Mesh node 67
19:33:19 | INFO: Blender create Mesh node 68
19:33:19 | INFO: Blender create Mesh node 69
19:33:19 | INFO: Blender create Mesh node 70
19:33:19 | INFO: Blender create Mesh node 71
19:33:19 | INFO: Blender create Mesh node 72
19:33:19 | INFO: Blender create Mesh node 73
19:33:19 | INFO: Blender create Mesh node 74
19:33:19 | INFO: Blender create Mesh node 75
19:33:19 | INFO: Blender create Mesh node 76
19:33:19 | INFO: Blender create Mesh node 77
19:33:19 | INFO: Blender create Mesh node 78
19:33:19 | INFO: Blender create Mesh node 79
19:33:19 | INFO: Blender create Mesh node 80
19:33:19 | INFO: Blender create Mesh node 81
19:33:19 | INFO: Blender create Mesh node 82
19:33:19 | INFO: Blender create Mesh node 83
19:33:19 | INFO: Blender create Mesh node 84
19:33:19 | INFO: Blender create Mesh node 85
19:33:19 | INFO: Blender create Mesh node 86
19:33:19 | INFO: Blender create Mesh node 87
19:33:19 | INFO: Blender create Mesh node 88
19:33:19 | INFO: Blender create Mesh node 89
19:33:19 | INFO: Blender create Mesh node 90
19:33:19 | INFO: Blender create Mesh node 91
19:33:19 | INFO: Blender create Mesh node 92
19:33:19 | INFO: Blender create Mesh node 93
19:33:19 | INFO: Blender create Mesh node 94
19:33:19 | INFO: Blender create Mesh node 95
19:33:19 | INFO: Blender create Mesh node 96
19:33:19 | INFO: Blender create Mesh node 97
19:33:19 | INFO: Blender create Mesh node 98
19:33:19 | INFO: Blender create Mesh node 99
19:33:19 | INFO: Blender create Mesh node 100
19:33:19 | INFO: Blender create Mesh node 101
19:33:19 | INFO: Blender create Mesh node 102
19:33:19 | INFO: Blender create Mesh node 103
19:33:19 | INFO: Blender create Mesh node 104
19:33:19 | INFO: Blender create Mesh node 105
19:33:19 | INFO: Blender create Mesh node 106
19:33:19 | INFO: Blender create Mesh node 107
19:33:19 | INFO: Blender create Mesh node 108
19:33:19 | INFO: Blender create Mesh node 109
19:33:19 | INFO: Blender create Mesh node 110
19:33:19 | INFO: Blender create Mesh node 111
19:33:19 | INFO: Blender create Mesh node 112
19:33:19 | INFO: Blender create Mesh node 113
19:33:19 | INFO: Blender create Mesh node 114
19:33:19 | INFO: Blender create Mesh node 115
19:33:19 | INFO: Blender create Mesh node 116
19:33:19 | INFO: Blender create Mesh node 117
19:33:19 | INFO: Blender create Mesh node 118
19:33:19 | INFO: Blender create Mesh node 119
19:33:19 | INFO: Blender create Mesh node 120
19:33:19 | INFO: Blender create Mesh node 121
19:33:19 | INFO: Blender create Mesh node 122
19:33:19 | INFO: Blender create Mesh node 123
19:33:19 | INFO: Blender create Mesh node 124
19:33:19 | INFO: Blender create Mesh node 125
19:33:19 | INFO: Blender create Mesh node 126
19:33:19 | INFO: Blender create Mesh node 127
19:33:19 | INFO: Blender create Mesh node 128
19:33:19 | INFO: Blender create Mesh node 129
19:33:19 | INFO: Blender create Mesh node 130
19:33:19 | INFO: Blender create Mesh node 131
19:33:19 | INFO: Blender create Mesh node 132
19:33:19 | INFO: Blender create Mesh node 133
19:33:19 | INFO: Blender create Mesh node 134
19:33:19 | INFO: Blender create Mesh node 135
19:33:19 | INFO: Blender create Mesh node 136
19:33:19 | INFO: Blender create Mesh node 137
19:33:19 | INFO: Blender create Mesh node 138
19:33:19 | INFO: Blender create Mesh node 139
19:33:19 | INFO: Blender create Mesh node 140
19:33:19 | INFO: Blender create Mesh node 141
19:33:19 | INFO: Blender create Mesh node 142
19:33:19 | INFO: Blender create Mesh node 143
19:33:19 | INFO: Blender create Mesh node 144
19:33:19 | INFO: Blender create Mesh node 145
19:33:19 | INFO: Blender create Mesh node 146
19:33:19 | INFO: Blender create Mesh node 147
19:33:19 | INFO: Blender create Mesh node 148
19:33:19 | INFO: Blender create Mesh node 149
19:33:19 | INFO: Blender create Mesh node 150
19:33:19 | INFO: Blender create Mesh node 151
19:33:19 | INFO: Blender create Mesh node 152
19:33:19 | INFO: Blender create Mesh node 153
19:33:19 | INFO: Blender create Mesh node 154
19:33:19 | INFO: Blender create Mesh node 155
19:33:19 | INFO: Blender create Mesh node 156
19:33:19 | INFO: Blender create Mesh node 157
19:33:19 | INFO: Blender create Mesh node 158
19:33:19 | INFO: Blender create Mesh node 159
19:33:19 | INFO: Blender create Mesh node 160
19:33:19 | INFO: Blender create Mesh node 161
19:33:19 | INFO: Blender create Mesh node 162
19:33:19 | INFO: Blender create Mesh node 163
19:33:19 | INFO: Blender create Mesh node 164
19:33:19 | INFO: Blender create Mesh node 165
19:33:19 | INFO: Blender create Mesh node 166
19:33:19 | INFO: Blender create Mesh node 167
19:33:19 | INFO: Blender create Mesh node 168
19:33:19 | INFO: Blender create Mesh node 169
19:33:19 | INFO: Blender create Mesh node 170
19:33:19 | INFO: Blender create Mesh node 171
19:33:19 | INFO: Blender create Mesh node 172
19:33:19 | INFO: Blender create Mesh node 173
19:33:19 | INFO: Blender create Mesh node 174
19:33:19 | INFO: Blender create Mesh node 175
19:33:19 | INFO: Blender create Mesh node 176
19:33:19 | INFO: Blender create Mesh node 177
19:33:19 | INFO: Blender create Mesh node 178
19:33:19 | INFO: Blender create Mesh node 179
19:33:19 | INFO: Blender create Mesh node 180
19:33:19 | INFO: Blender create Mesh node 181
19:33:19 | INFO: Blender create Mesh node 182
19:33:19 | INFO: Blender create Mesh node 183
19:33:19 | INFO: Blender create Mesh node 184
19:33:19 | INFO: Blender create Mesh node 185
19:33:19 | INFO: Blender create Mesh node 186
19:33:19 | INFO: Blender create Mesh node 187
19:33:19 | INFO: Blender create Mesh node 188
19:33:19 | INFO: Blender create Mesh node 189
19:33:19 | INFO: Blender create Mesh node 190
19:33:19 | INFO: Blender create Mesh node 191
19:33:19 | INFO: Blender create Mesh node 192
19:33:19 | INFO: Blender create Mesh node 193
19:33:19 | INFO: Blender create Mesh node 194
19:33:19 | INFO: Blender create Mesh node 195
19:33:19 | INFO: Blender create Mesh node 196
19:33:19 | INFO: Blender create Mesh node 197
19:33:19 | INFO: Blender create Mesh node 198
19:33:19 | INFO: Blender create Mesh node 199
19:33:19 | INFO: Blender create Mesh node 200
19:33:19 | INFO: Blender create Mesh node 201
19:33:19 | INFO: Blender create Mesh node 202
19:33:19 | INFO: Blender create Mesh node 203
19:33:19 | INFO: Blender create Mesh node 204
19:33:19 | INFO: Blender create Mesh node 205
19:33:19 | INFO: Blender create Mesh node 206
19:33:19 | INFO: Blender create Mesh node 207
19:33:19 | INFO: Blender create Mesh node 208
19:33:19 | INFO: Blender create Mesh node 209
19:33:19 | INFO: Blender create Mesh node 210
19:33:19 | INFO: Blender create Mesh node 211
19:33:19 | INFO: Blender create Mesh node 212
19:33:19 | INFO: Blender create Mesh node 213
19:33:19 | INFO: Blender create Mesh node 214
19:33:19 | INFO: Blender create Mesh node 215
19:33:19 | INFO: Blender create Mesh node 216
19:33:19 | INFO: Blender create Mesh node 217
19:33:19 | INFO: Blender create Mesh node 218
19:33:19 | INFO: Blender create Mesh node 219
19:33:19 | INFO: Blender create Mesh node 220
19:33:19 | INFO: Blender create Mesh node 221
19:33:19 | INFO: Blender create Mesh node 222
19:33:19 | INFO: Blender create Mesh node 223
19:33:19 | INFO: Blender create Mesh node 224
19:33:19 | INFO: Blender create Mesh node 225
19:33:19 | INFO: Blender create Mesh node 226
19:33:19 | INFO: Blender create Mesh node 227
19:33:19 | INFO: Blender create Mesh node 228
19:33:19 | INFO: Blender create Mesh node 229
19:33:19 | INFO: Blender create Mesh node 230
19:33:19 | INFO: Blender create Mesh node 231
19:33:19 | INFO: Blender create Mesh node 232
19:33:19 | INFO: Blender create Mesh node 233
19:33:19 | INFO: Blender create Mesh node 234
19:33:19 | INFO: Blender create Mesh node 235
19:33:19 | INFO: Blender create Mesh node 236
19:33:19 | INFO: Blender create Mesh node 237
19:33:19 | INFO: Blender create Mesh node 238
19:33:19 | INFO: Blender create Mesh node 239
19:33:19 | INFO: Blender create Mesh node 240
19:33:19 | INFO: Blender create Mesh node 241
19:33:19 | INFO: Blender create Mesh node 242
19:33:19 | INFO: Blender create Mesh node 243
19:33:19 | INFO: Blender create Mesh node 244
19:33:19 | INFO: Blender create Mesh node 245
19:33:19 | INFO: Blender create Mesh node 246
19:33:19 | INFO: Blender create Mesh node 247
19:33:19 | INFO: Blender create Mesh node 248
19:33:19 | INFO: Blender create Mesh node 249
19:33:19 | INFO: Blender create Mesh node 250
19:33:19 | INFO: Blender create Mesh node 251
19:33:19 | INFO: Blender create Mesh node 252
19:33:19 | INFO: Blender create Mesh node 253
19:33:19 | INFO: Blender create Mesh node 254
19:33:19 | INFO: Blender create Mesh node 255
19:33:19 | INFO: Blender create Mesh node 256
19:33:19 | INFO: Blender create Mesh node 257
19:33:19 | INFO: Blender create Mesh node 258
19:33:19 | INFO: Blender create Mesh node 259
19:33:19 | INFO: Blender create Mesh node 260
19:33:19 | INFO: Blender create Mesh node 261
19:33:19 | INFO: Blender create Mesh node 262
19:33:19 | INFO: Blender create Mesh node 263
19:33:19 | INFO: Blender create Mesh node 264
19:33:19 | INFO: Blender create Mesh node 265
19:33:19 | INFO: Blender create Mesh node 266
19:33:19 | INFO: Blender create Mesh node 267
19:33:19 | INFO: Blender create Mesh node 268
19:33:19 | INFO: Blender create Mesh node 269
19:33:19 | INFO: Blender create Mesh node 270
19:33:19 | INFO: Blender create Mesh node 271
19:33:19 | INFO: Blender create Mesh node 272
19:33:19 | INFO: Blender create Mesh node 273
19:33:19 | INFO: Blender create Mesh node 274
19:33:19 | INFO: Blender create Mesh node 275
19:33:19 | INFO: Blender create Mesh node 276
19:33:19 | INFO: Blender create Mesh node 277
19:33:19 | INFO: Blender create Mesh node 278
19:33:19 | INFO: Blender create Mesh node 279
19:33:19 | INFO: Blender create Mesh node 280
19:33:19 | INFO: Blender create Mesh node 281
19:33:19 | INFO: Blender create Mesh node 282
19:33:19 | INFO: Blender create Mesh node 283
19:33:19 | INFO: Blender create Mesh node 284
19:33:19 | INFO: Blender create Mesh node 285
19:33:19 | INFO: Blender create Mesh node 286
19:33:19 | INFO: Blender create Mesh node 287
19:33:19 | INFO: Blender create Mesh node 288
19:33:19 | INFO: Blender create Mesh node 289
19:33:19 | INFO: Blender create Mesh node 290
19:33:19 | INFO: Blender create Mesh node 291
19:33:19 | INFO: Blender create Mesh node 292
19:33:19 | INFO: Blender create Mesh node 293
19:33:19 | INFO: Blender create Mesh node 294
19:33:19 | INFO: Blender create Mesh node 295
19:33:19 | INFO: Blender create Mesh node 296
19:33:19 | INFO: Blender create Mesh node 297
19:33:19 | INFO: Blender create Mesh node 298
19:33:19 | INFO: Blender create Mesh node 299
19:33:19 | INFO: Blender create Mesh node 300
19:33:19 | INFO: Blender create Mesh node 301
19:33:19 | INFO: Blender create Mesh node 302
19:33:19 | INFO: Blender create Mesh node 303
19:33:19 | INFO: Blender create Mesh node 304
19:33:19 | INFO: Blender create Mesh node 305
19:33:19 | INFO: Blender create Mesh node 306
19:33:19 | INFO: Blender create Mesh node 307
19:33:19 | INFO: Blender create Mesh node 308
19:33:19 | INFO: Blender create Mesh node 309
19:33:19 | INFO: Blender create Mesh node 310
19:33:19 | INFO: Blender create Mesh node 311
19:33:19 | INFO: Blender create Mesh node 312
19:33:19 | INFO: Blender create Mesh node 313
19:33:19 | INFO: Blender create Mesh node 314
19:33:19 | INFO: Blender create Mesh node 315
19:33:19 | INFO: Blender create Mesh node 316
19:33:19 | INFO: Blender create Mesh node 317
19:33:19 | INFO: Blender create Mesh node 318
19:33:19 | INFO: Blender create Mesh node 319
19:33:19 | INFO: Blender create Mesh node 320
19:33:19 | INFO: Blender create Mesh node 321
19:33:19 | INFO: Blender create Mesh node 322
19:33:19 | INFO: Blender create Mesh node 323
19:33:19 | INFO: Blender create Mesh node 324
19:33:19 | INFO: Blender create Mesh node 325
19:33:19 | INFO: Blender create Mesh node 326
19:33:19 | INFO: Blender create Mesh node 327
19:33:19 | INFO: Blender create Mesh node 328
19:33:19 | INFO: Blender create Mesh node 329
19:33:19 | INFO: Blender create Mesh node 330
19:33:19 | INFO: Blender create Mesh node 331
19:33:19 | INFO: Blender create Mesh node 332
19:33:19 | INFO: Blender create Mesh node 333
19:33:19 | INFO: Blender create Mesh node 334
19:33:19 | INFO: Blender create Mesh node 335
19:33:19 | INFO: Blender create Mesh node 336
19:33:19 | INFO: Blender create Mesh node 337
19:33:19 | INFO: Blender create Mesh node 338
19:33:19 | INFO: Blender create Mesh node 339
19:33:19 | INFO: Blender create Mesh node 340
19:33:19 | INFO: Blender create Mesh node 341
19:33:19 | INFO: Blender create Mesh node 342
19:33:19 | INFO: Blender create Mesh node 343
19:33:19 | INFO: Blender create Mesh node 344
19:33:19 | INFO: Blender create Mesh node 345
19:33:19 | INFO: Blender create Mesh node 346
19:33:19 | INFO: Blender create Mesh node 347
19:33:19 | INFO: Blender create Mesh node 348
19:33:19 | INFO: Blender create Mesh node 349
19:33:19 | INFO: Blender create Mesh node 350
19:33:19 | INFO: Blender create Mesh node 351
19:33:19 | INFO: Blender create Mesh node 352
19:33:19 | INFO: Blender create Mesh node 353
19:33:19 | INFO: Blender create Mesh node 354
19:33:19 | INFO: Blender create Mesh node 355
19:33:19 | INFO: Blender create Mesh node 356
19:33:19 | INFO: Blender create Mesh node 357
19:33:19 | INFO: Blender create Mesh node 358
19:33:19 | INFO: Blender create Mesh node 359
19:33:19 | INFO: Blender create Mesh node 360
19:33:19 | INFO: Blender create Mesh node 361
19:33:19 | INFO: Blender create Mesh node 362
19:33:19 | INFO: Blender create Mesh node 363
19:33:19 | INFO: Blender create Mesh node 364
19:33:19 | INFO: Blender create Mesh node 365
19:33:19 | INFO: Blender create Mesh node 366
19:33:19 | INFO: Blender create Mesh node 367
19:33:19 | INFO: Blender create Mesh node 368
19:33:19 | INFO: Blender create Mesh node 369
19:33:19 | INFO: Blender create Mesh node 370
19:33:19 | INFO: Blender create Mesh node 371
19:33:19 | INFO: Blender create Mesh node 372
19:33:19 | INFO: Blender create Mesh node 373
19:33:19 | INFO: Blender create Mesh node 374
19:33:19 | INFO: Blender create Mesh node 375
19:33:19 | INFO: Blender create Mesh node 376
19:33:19 | INFO: Blender create Mesh node 377
19:33:19 | INFO: Blender create Mesh node 378
19:33:19 | INFO: Blender create Mesh node 379
19:33:19 | INFO: Blender create Mesh node 380
19:33:19 | INFO: Blender create Mesh node 381
19:33:19 | INFO: Blender create Mesh node 382
19:33:19 | INFO: Blender create Mesh node 383
19:33:19 | INFO: Blender create Mesh node 384
19:33:19 | INFO: Blender create Mesh node 385
19:33:19 | INFO: Blender create Mesh node 386
19:33:19 | INFO: Blender create Mesh node 387
19:33:19 | INFO: Blender create Mesh node 388
19:33:19 | INFO: Blender create Mesh node 389
19:33:19 | INFO: Blender create Mesh node 390
19:33:19 | INFO: Blender create Mesh node 391
19:33:19 | INFO: Blender create Mesh node 392
19:33:19 | INFO: Blender create Mesh node 393
19:33:19 | INFO: Blender create Mesh node 394
19:33:19 | INFO: Blender create Mesh node 395
19:33:19 | INFO: Blender create Mesh node 396
19:33:19 | INFO: Blender create Mesh node 397
19:33:19 | INFO: Blender create Mesh node 398
19:33:19 | INFO: Blender create Mesh node 399
19:33:19 | INFO: Blender create Mesh node 400
19:33:19 | INFO: Blender create Mesh node 401
19:33:19 | INFO: Blender create Mesh node 402
19:33:19 | INFO: Blender create Mesh node 403
19:33:19 | INFO: Blender create Mesh node 404
19:33:19 | INFO: Blender create Mesh node 405
19:33:19 | INFO: Blender create Mesh node 406
19:33:19 | INFO: Blender create Mesh node 407
19:33:19 | INFO: Blender create Mesh node 408
19:33:19 | INFO: Blender create Mesh node 409
19:33:19 | INFO: Blender create Mesh node 410
19:33:19 | INFO: Blender create Mesh node 411
19:33:19 | INFO: Blender create Mesh node 412
19:33:19 | INFO: Blender create Mesh node 413
19:33:19 | INFO: Blender create Mesh node 414
19:33:19 | INFO: Blender create Mesh node 415
19:33:19 | INFO: Blender create Mesh node 416
19:33:19 | INFO: Blender create Mesh node 417
19:33:19 | INFO: Blender create Mesh node 418
19:33:19 | INFO: Blender create Mesh node 419
19:33:19 | INFO: Blender create Mesh node 420
19:33:19 | INFO: Blender create Mesh node 421
19:33:19 | INFO: Blender create Mesh node 422
19:33:19 | INFO: Blender create Mesh node 423
19:33:19 | INFO: Blender create Mesh node 424
19:33:19 | INFO: Blender create Mesh node 425
19:33:19 | INFO: Blender create Mesh node 426
19:33:19 | INFO: Blender create Mesh node 427
19:33:19 | INFO: Blender create Mesh node 428
19:33:19 | INFO: Blender create Mesh node 429
19:33:19 | INFO: Blender create Mesh node 430
19:33:19 | INFO: Blender create Mesh node 431
19:33:19 | INFO: Blender create Mesh node 432
19:33:19 | INFO: Blender create Mesh node 433
19:33:19 | INFO: Blender create Mesh node 434
19:33:19 | INFO: Blender create Mesh node 435
19:33:19 | INFO: Blender create Mesh node 436
19:33:19 | INFO: Blender create Mesh node 437
19:33:19 | INFO: Blender create Mesh node 438
19:33:19 | INFO: Blender create Mesh node 439
19:33:19 | INFO: Blender create Mesh node 440
19:33:19 | INFO: Blender create Mesh node 441
19:33:19 | INFO: Blender create Mesh node 442
19:33:19 | INFO: Blender create Mesh node 443
19:33:19 | INFO: Blender create Mesh node 444
19:33:19 | INFO: Blender create Mesh node 445
19:33:19 | INFO: Blender create Mesh node 446
19:33:19 | INFO: Blender create Mesh node 447
19:33:19 | INFO: Blender create Mesh node 448
19:33:19 | INFO: Blender create Mesh node 449
19:33:19 | INFO: Blender create Mesh node 450
19:33:19 | INFO: Blender create Mesh node 451
19:33:19 | INFO: Blender create Mesh node 452
19:33:19 | INFO: Blender create Mesh node 453
19:33:19 | INFO: Blender create Mesh node 454
19:33:19 | INFO: Blender create Mesh node 455
19:33:19 | INFO: Blender create Mesh node 456
19:33:19 | INFO: Blender create Mesh node 457
19:33:19 | INFO: Blender create Mesh node 458
19:33:19 | INFO: Blender create Mesh node 459
19:33:19 | INFO: Blender create Mesh node 460
19:33:19 | INFO: Blender create Mesh node 461
19:33:19 | INFO: Blender create Mesh node 462
19:33:19 | INFO: Blender create Mesh node 463
19:33:19 | INFO: Blender create Mesh node 464
19:33:19 | INFO: Blender create Mesh node 465
19:33:19 | INFO: Blender create Mesh node 466
19:33:19 | INFO: Blender create Mesh node 467
19:33:19 | INFO: Blender create Mesh node 468
19:33:19 | INFO: Blender create Mesh node 469
19:33:19 | INFO: Blender create Mesh node 470
19:33:19 | INFO: Blender create Mesh node 471
19:33:19 | INFO: Blender create Mesh node 472
19:33:19 | INFO: Blender create Mesh node 473
19:33:19 | INFO: Blender create Mesh node 474
19:33:19 | INFO: Blender create Mesh node 475
19:33:19 | INFO: Blender create Mesh node 476
19:33:19 | INFO: Blender create Mesh node 477
19:33:19 | INFO: Blender create Mesh node 478
19:33:19 | INFO: Blender create Mesh node 479
19:33:19 | INFO: Blender create Mesh node 480
19:33:19 | INFO: Blender create Mesh node 481
19:33:19 | INFO: Blender create Mesh node 482
19:33:19 | INFO: Blender create Mesh node 483
19:33:19 | INFO: Blender create Mesh node 484
19:33:19 | INFO: Blender create Mesh node 485
19:33:19 | INFO: Blender create Mesh node 486
19:33:19 | INFO: Blender create Mesh node 487
19:33:19 | INFO: Blender create Mesh node 488
19:33:19 | INFO: Blender create Mesh node 489
19:33:19 | INFO: Blender create Mesh node 490
19:33:19 | INFO: Blender create Mesh node 491
19:33:19 | INFO: Blender create Mesh node 492
19:33:19 | INFO: Blender create Mesh node 493
19:33:19 | INFO: Blender create Mesh node 494
19:33:19 | INFO: Blender create Mesh node 495
19:33:19 | INFO: Blender create Mesh node 496
19:33:19 | INFO: Blender create Mesh node 497
19:33:19 | INFO: Blender create Mesh node 498
19:33:19 | INFO: Blender create Mesh node 499
19:33:19 | INFO: Blender create Mesh node 500
19:33:19 | INFO: Blender create Mesh node 501
19:33:19 | INFO: Blender create Mesh node 502
19:33:19 | INFO: Blender create Mesh node 503
19:33:19 | INFO: Blender create Mesh node 504
19:33:19 | INFO: Blender create Mesh node 505
19:33:19 | INFO: Blender create Mesh node 506
19:33:19 | INFO: Blender create Mesh node 507
19:33:19 | INFO: Blender create Mesh node 508
19:33:19 | INFO: Blender create Mesh node 509
19:33:19 | INFO: Blender create Mesh node 510
19:33:19 | INFO: Blender create Mesh node 511
19:33:19 | INFO: Blender create Mesh node 512
19:33:19 | INFO: Blender create Mesh node 513
19:33:19 | INFO: Blender create Mesh node 514
19:33:19 | INFO: Blender create Mesh node 515
19:33:19 | INFO: Blender create Mesh node 516
19:33:19 | INFO: Blender create Mesh node 517
19:33:19 | INFO: Blender create Mesh node 518
19:33:19 | INFO: Blender create Mesh node 519
19:33:19 | INFO: Blender create Mesh node 520
19:33:19 | INFO: Blender create Mesh node 521
19:33:19 | INFO: Blender create Mesh node 522
19:33:19 | INFO: Blender create Mesh node 523
19:33:19 | INFO: Blender create Mesh node 524
19:33:19 | INFO: Blender create Mesh node 525
19:33:19 | INFO: Blender create Mesh node 526
19:33:19 | INFO: Blender create Mesh node 527
19:33:19 | INFO: Blender create Mesh node 528
19:33:19 | INFO: Blender create Mesh node 529
19:33:19 | INFO: Blender create Mesh node 530
19:33:19 | INFO: Blender create Mesh node 531
19:33:19 | INFO: Blender create Mesh node 532
19:33:19 | INFO: Blender create Mesh node 533
19:33:19 | INFO: Blender create Mesh node 534
19:33:19 | INFO: Blender create Mesh node 535
19:33:19 | INFO: Blender create Mesh node 536
19:33:19 | INFO: Blender create Mesh node 537
19:33:19 | INFO: Blender create Mesh node 538
19:33:19 | INFO: Blender create Mesh node 539
19:33:19 | INFO: Blender create Mesh node 540
19:33:19 | INFO: Blender create Mesh node 541
19:33:19 | INFO: Blender create Mesh node 542
19:33:19 | INFO: Blender create Mesh node 543
19:33:19 | INFO: Blender create Mesh node 544
19:33:19 | INFO: Blender create Mesh node 545
19:33:19 | INFO: Blender create Mesh node 546
19:33:19 | INFO: Blender create Mesh node 547
19:33:19 | INFO: Blender create Mesh node 548
19:33:19 | INFO: Blender create Mesh node 549
19:33:19 | INFO: glTF import finished in 0.82s
ARCHVIZ_END kitchen: import current design: 1.6s
ARCHVIZ_GEOMETRY_OK kitchen {"sourceObjects": 550, "importedMeshes": 550, "maximumBoundsErrorMetres": 4.418611529999339e-07, "triangleCountsMatch": true, "scope": "Source IDs, per-object world bounds and triangle counts; not a construction/collision certificate."}
<LOCAL_PATH>\runs\20260928T140151Z-a4fad96dea77-419278a3\checkout\blender\render_archviz.py:143: DeprecationWarning: 'Material.use_nodes' is expected to be removed in Blender 6.0
  if not mat or not mat.use_nodes or mat.name in seen:
<LOCAL_PATH>\runs\20260928T140151Z-a4fad96dea77-419278a3\checkout\blender\render_archviz.py:239: DeprecationWarning: 'World.use_nodes' is expected to be removed in Blender 6.0
  scene.world.use_nodes = True
00:04.453  cycles           | WARNING CUEW initialization failed: Error opening the library
ARCHVIZ_START kitchen: current / draft / HIP
00:09.157  render           | Saved: '<LOCAL_PATH>\runs\20260928T140151Z-a4fad96dea77-419278a3\public\renders\archviz\db75ed00f8f140f5\current.png'
ARCHVIZ_END kitchen: current / draft / HIP: 4.7s
ARCHVIZ_START kitchen: hero / draft / HIP
00:13.469  render           | Saved: '<LOCAL_PATH>\runs\20260928T140151Z-a4fad96dea77-419278a3\public\renders\archviz\db75ed00f8f140f5\hero.png'
ARCHVIZ_END kitchen: hero / draft / HIP: 4.3s
ARCHVIZ_START kitchen: reverse / draft / HIP
00:17.782  render           | Saved: '<LOCAL_PATH>\runs\20260928T140151Z-a4fad96dea77-419278a3\public\renders\archviz\db75ed00f8f140f5\reverse.png'
ARCHVIZ_END kitchen: reverse / draft / HIP: 4.3s
ARCHVIZ_COMPLETE kitchen <LOCAL_PATH>\runs\20260928T140151Z-a4fad96dea77-419278a3\public\renders\archviz\db75ed00f8f140f5
Blender 5.2.2 LTS (hash d13f752e3b9c built 2026-09-15 01:37:04)

Blender quit
ROOM 2/3: balcony
ARCHVIZ_START balcony: import current design
19:33:34 | INFO: Data are loaded, start creating Blender stuff
19:33:34 | INFO: Blender create Mesh node 0
19:33:34 | INFO: Blender create Mesh node 1
19:33:34 | INFO: Blender create Mesh node 2
19:33:34 | INFO: Blender create Mesh node 3
19:33:34 | INFO: Blender create Mesh node 4
19:33:34 | INFO: Blender create Mesh node 5
19:33:34 | INFO: Blender create Mesh node 6
19:33:34 | INFO: Blender create Mesh node 7
19:33:34 | INFO: Blender create Mesh node 8
19:33:34 | INFO: Blender create Mesh node 9
19:33:34 | INFO: Blender create Mesh node 10
19:33:34 | INFO: Blender create Mesh node 11
19:33:34 | INFO: Blender create Mesh node 12
19:33:34 | INFO: Blender create Mesh node 13
19:33:34 | INFO: Blender create Mesh node 14
19:33:34 | INFO: Blender create Mesh node 15
19:33:34 | INFO: Blender create Mesh node 16
19:33:34 | INFO: Blender create Mesh node 17
19:33:34 | INFO: Blender create Mesh node 18
19:33:34 | INFO: Blender create Mesh node 19
19:33:34 | INFO: Blender create Mesh node 20
19:33:34 | INFO: Blender create Mesh node 21
19:33:34 | INFO: Blender create Mesh node 22
19:33:34 | INFO: Blender create Mesh node 23
19:33:34 | INFO: Blender create Mesh node 24
19:33:34 | INFO: Blender create Mesh node 25
19:33:34 | INFO: Blender create Mesh node 26
19:33:34 | INFO: Blender create Mesh node 27
19:33:34 | INFO: Blender create Mesh node 28
19:33:34 | INFO: Blender create Mesh node 29
19:33:34 | INFO: Blender create Mesh node 30
19:33:34 | INFO: Blender create Mesh node 31
19:33:34 | INFO: Blender create Mesh node 32
19:33:34 | INFO: Blender create Mesh node 33
19:33:34 | INFO: Blender create Mesh node 34
19:33:34 | INFO: Blender create Mesh node 35
19:33:34 | INFO: Blender create Mesh node 36
19:33:34 | INFO: Blender create Mesh node 37
19:33:34 | INFO: Blender create Mesh node 38
19:33:34 | INFO: Blender create Mesh node 39
19:33:34 | INFO: Blender create Mesh node 40
19:33:34 | INFO: Blender create Mesh node 41
19:33:34 | INFO: Blender create Mesh node 42
19:33:34 | INFO: Blender create Mesh node 43
19:33:34 | INFO: Blender create Mesh node 44
19:33:34 | INFO: Blender create Mesh node 45
19:33:34 | INFO: Blender create Mesh node 46
19:33:34 | INFO: Blender create Mesh node 47
19:33:34 | INFO: Blender create Mesh node 48
19:33:34 | INFO: Blender create Mesh node 49
19:33:34 | INFO: Blender create Mesh node 50
19:33:34 | INFO: Blender create Mesh node 51
19:33:34 | INFO: Blender create Mesh node 52
19:33:34 | INFO: Blender create Mesh node 53
19:33:34 | INFO: Blender create Mesh node 54
19:33:34 | INFO: Blender create Mesh node 55
19:33:34 | INFO: Blender create Mesh node 56
19:33:34 | INFO: Blender create Mesh node 57
19:33:34 | INFO: Blender create Mesh node 58
19:33:34 | INFO: Blender create Mesh node 59
19:33:34 | INFO: Blender create Mesh node 60
19:33:34 | INFO: Blender create Mesh node 61
19:33:34 | INFO: Blender create Mesh node 62
19:33:34 | INFO: Blender create Mesh node 63
19:33:34 | INFO: Blender create Mesh node 64
19:33:34 | INFO: Blender create Mesh node 65
19:33:34 | INFO: Blender create Mesh node 66
19:33:34 | INFO: Blender create Mesh node 67
19:33:34 | INFO: Blender create Mesh node 68
19:33:34 | INFO: Blender create Mesh node 69
19:33:34 | INFO: Blender create Mesh node 70
19:33:34 | INFO: Blender create Mesh node 71
19:33:34 | INFO: Blender create Mesh node 72
19:33:34 | INFO: Blender create Mesh node 73
19:33:34 | INFO: Blender create Mesh node 74
19:33:34 | INFO: Blender create Mesh node 75
19:33:34 | INFO: Blender create Mesh node 76
19:33:34 | INFO: Blender create Mesh node 77
19:33:34 | INFO: Blender create Mesh node 78
19:33:34 | INFO: Blender create Mesh node 79
19:33:34 | INFO: Blender create Mesh node 80
19:33:34 | INFO: Blender create Mesh node 81
19:33:34 | INFO: Blender create Mesh node 82
19:33:34 | INFO: Blender create Mesh node 83
19:33:34 | INFO: Blender create Mesh node 84
19:33:34 | INFO: Blender create Mesh node 85
19:33:34 | INFO: Blender create Mesh node 86
19:33:34 | INFO: Blender create Mesh node 87
19:33:34 | INFO: Blender create Mesh node 88
19:33:34 | INFO: Blender create Mesh node 89
19:33:34 | INFO: Blender create Mesh node 90
19:33:34 | INFO: Blender create Mesh node 91
19:33:34 | INFO: Blender create Mesh node 92
19:33:34 | INFO: Blender create Mesh node 93
19:33:34 | INFO: Blender create Mesh node 94
19:33:34 | INFO: Blender create Mesh node 95
19:33:34 | INFO: Blender create Mesh node 96
19:33:34 | INFO: Blender create Mesh node 97
19:33:34 | INFO: Blender create Mesh node 98
19:33:34 | INFO: Blender create Mesh node 99
19:33:34 | INFO: Blender create Mesh node 100
19:33:34 | INFO: Blender create Mesh node 101
19:33:34 | INFO: Blender create Mesh node 102
19:33:34 | INFO: Blender create Mesh node 103
19:33:34 | INFO: Blender create Mesh node 104
19:33:34 | INFO: Blender create Mesh node 105
19:33:34 | INFO: Blender create Mesh node 106
19:33:34 | INFO: Blender create Mesh node 107
19:33:34 | INFO: Blender create Mesh node 108
19:33:34 | INFO: Blender create Mesh node 109
19:33:34 | INFO: Blender create Mesh node 110
19:33:34 | INFO: Blender create Mesh node 111
19:33:34 | INFO: Blender create Mesh node 112
19:33:34 | INFO: Blender create Mesh node 113
19:33:34 | INFO: Blender create Mesh node 114
19:33:34 | INFO: Blender create Mesh node 115
19:33:34 | INFO: Blender create Mesh node 116
19:33:34 | INFO: Blender create Mesh node 117
19:33:34 | INFO: Blender create Mesh node 118
19:33:34 | INFO: Blender create Mesh node 119
19:33:34 | INFO: Blender create Mesh node 120
19:33:34 | INFO: Blender create Mesh node 121
19:33:34 | INFO: Blender create Mesh node 122
19:33:34 | INFO: Blender create Mesh node 123
19:33:34 | INFO: Blender create Mesh node 124
19:33:34 | INFO: Blender create Mesh node 125
19:33:34 | INFO: Blender create Mesh node 126
19:33:34 | INFO: Blender create Mesh node 127
19:33:34 | INFO: Blender create Mesh node 128
19:33:34 | INFO: Blender create Mesh node 129
19:33:34 | INFO: Blender create Mesh node 130
19:33:34 | INFO: Blender create Mesh node 131
19:33:34 | INFO: Blender create Mesh node 132
19:33:34 | INFO: Blender create Mesh node 133
19:33:34 | INFO: Blender create Mesh node 134
19:33:34 | INFO: Blender create Mesh node 135
19:33:34 | INFO: Blender create Mesh node 136
19:33:34 | INFO: Blender create Mesh node 137
19:33:34 | INFO: Blender create Mesh node 138
19:33:34 | INFO: Blender create Mesh node 139
19:33:34 | INFO: Blender create Mesh node 140
19:33:34 | INFO: Blender create Mesh node 141
19:33:34 | INFO: Blender create Mesh node 142
19:33:34 | INFO: Blender create Mesh node 143
19:33:34 | INFO: Blender create Mesh node 144
19:33:34 | INFO: Blender create Mesh node 145
19:33:34 | INFO: Blender create Mesh node 146
19:33:34 | INFO: Blender create Mesh node 147
19:33:34 | INFO: Blender create Mesh node 148
19:33:34 | INFO: Blender create Mesh node 149
19:33:34 | INFO: Blender create Mesh node 150
19:33:34 | INFO: Blender create Mesh node 151
19:33:34 | INFO: Blender create Mesh node 152
19:33:34 | INFO: Blender create Mesh node 153
19:33:34 | INFO: Blender create Mesh node 154
19:33:34 | INFO: Blender create Mesh node 155
19:33:34 | INFO: Blender create Mesh node 156
19:33:34 | INFO: Blender create Mesh node 157
19:33:34 | INFO: Blender create Mesh node 158
19:33:34 | INFO: Blender create Mesh node 159
19:33:34 | INFO: glTF import finished in 0.19s
ARCHVIZ_END balcony: import current design: 0.3s
ARCHVIZ_GEOMETRY_OK balcony {"sourceObjects": 160, "importedMeshes": 160, "maximumBoundsErrorMetres": 2.0371377473793473e-07, "triangleCountsMatch": true, "scope": "Source IDs, per-object world bounds and triangle counts; not a construction/collision certificate."}
<LOCAL_PATH>\runs\20260928T140151Z-a4fad96dea77-419278a3\checkout\blender\render_archviz.py:143: DeprecationWarning: 'Material.use_nodes' is expected to be removed in Blender 6.0
  if not mat or not mat.use_nodes or mat.name in seen:
<LOCAL_PATH>\runs\20260928T140151Z-a4fad96dea77-419278a3\checkout\blender\render_archviz.py:239: DeprecationWarning: 'World.use_nodes' is expected to be removed in Blender 6.0
  scene.world.use_nodes = True
00:00.844  cycles           | WARNING CUEW initialization failed: Error opening the library
ARCHVIZ_START balcony: current / draft / HIP
00:03.266  render           | Saved: '<LOCAL_PATH>\runs\20260928T140151Z-a4fad96dea77-419278a3\public\renders\archviz\8a7583472ca540b2\current.png'
ARCHVIZ_END balcony: current / draft / HIP: 2.4s
ARCHVIZ_START balcony: hero / draft / HIP
00:06.031  render           | Saved: '<LOCAL_PATH>\runs\20260928T140151Z-a4fad96dea77-419278a3\public\renders\archviz\8a7583472ca540b2\hero.png'
ARCHVIZ_END balcony: hero / draft / HIP: 2.7s
ARCHVIZ_START balcony: reverse / draft / HIP
00:08.734  render           | Saved: '<LOCAL_PATH>\runs\20260928T140151Z-a4fad96dea77-419278a3\public\renders\archviz\8a7583472ca540b2\reverse.png'
ARCHVIZ_END balcony: reverse / draft / HIP: 2.7s
ARCHVIZ_COMPLETE balcony <LOCAL_PATH>\runs\20260928T140151Z-a4fad96dea77-419278a3\public\renders\archviz\8a7583472ca540b2
Blender 5.2.2 LTS (hash d13f752e3b9c built 2026-09-15 01:37:04)

Blender quit
ROOM 3/3: drawing
00:00.484  blend            | Read blend: "<LOCAL_PATH>\runs\20260928T140151Z-a4fad96dea77-419278a3\checkout\blender\drawing_room\elegant\A501-drawing-elegant.blend"
ARCHVIZ_GEOMETRY_OK drawing {"scope": "Native detailed snapshot; live editable geometry has not been compared."}
<LOCAL_PATH>\runs\20260928T140151Z-a4fad96dea77-419278a3\checkout\blender\render_archviz.py:143: DeprecationWarning: 'Material.use_nodes' is expected to be removed in Blender 6.0
  if not mat or not mat.use_nodes or mat.name in seen:
00:00.984  cycles           | WARNING CUEW initialization failed: Error opening the library
ARCHVIZ_START drawing: authored-1 / draft / HIP
00:05.187  render           | Saved: '<LOCAL_PATH>\runs\20260928T140151Z-a4fad96dea77-419278a3\public\renders\archviz\48795cad4b444fef\authored-1.png'
ARCHVIZ_END drawing: authored-1 / draft / HIP: 4.2s
ARCHVIZ_START drawing: authored-2 / draft / HIP
00:08.891  render           | Saved: '<LOCAL_PATH>\runs\20260928T140151Z-a4fad96dea77-419278a3\public\renders\archviz\48795cad4b444fef\authored-2.png'
ARCHVIZ_END drawing: authored-2 / draft / HIP: 3.7s
ARCHVIZ_START drawing: hero / draft / HIP
00:12.422  render           | Saved: '<LOCAL_PATH>\runs\20260928T140151Z-a4fad96dea77-419278a3\public\renders\archviz\48795cad4b444fef\hero.png'
ARCHVIZ_END drawing: hero / draft / HIP: 3.5s
ARCHVIZ_START drawing: reverse / draft / HIP
00:15.922  render           | Saved: '<LOCAL_PATH>\runs\20260928T140151Z-a4fad96dea77-419278a3\public\renders\archviz\48795cad4b444fef\reverse.png'
ARCHVIZ_END drawing: reverse / draft / HIP: 3.5s
ARCHVIZ_COMPLETE drawing <LOCAL_PATH>\runs\20260928T140151Z-a4fad96dea77-419278a3\public\renders\archviz\48795cad4b444fef
Blender 5.2.2 LTS (hash d13f752e3b9c built 2026-09-15 01:37:04)

Blender quit
ARCHVIZ_OUTPUTS_OK: 10 images; visual review is still required
All requested room jobs completed. Open Interior studio > Blender export > Load completed room renders.
