ARCHVIZ_EXPORT_START lobby: repository defaults in an isolated browser
ARCHVIZ_EXPORT_COMPLETE lobby
ROOM 1/1: lobby
ARCHVIZ_START lobby: import current design
21:05:46 | INFO: Data are loaded, start creating Blender stuff
21:05:46 | INFO: Blender create Mesh node 0
21:05:46 | INFO: Blender create Mesh node 1
21:05:46 | INFO: Blender create Mesh node 2
21:05:46 | INFO: Blender create Mesh node 3
21:05:46 | INFO: Blender create Mesh node 4
21:05:46 | INFO: Blender create Mesh node 5
21:05:46 | INFO: Blender create Mesh node 6
21:05:46 | INFO: Blender create Mesh node 7
21:05:46 | INFO: Blender create Mesh node 8
21:05:46 | INFO: Blender create Mesh node 9
21:05:46 | INFO: Blender create Mesh node 10
21:05:46 | INFO: Blender create Mesh node 11
21:05:46 | INFO: Blender create Mesh node 12
21:05:46 | INFO: Blender create Mesh node 13
21:05:46 | INFO: Blender create Mesh node 14
21:05:46 | INFO: Blender create Mesh node 15
21:05:46 | INFO: Blender create Mesh node 16
21:05:46 | INFO: Blender create Mesh node 17
21:05:46 | INFO: Blender create Mesh node 18
21:05:46 | INFO: Blender create Mesh node 19
21:05:46 | INFO: Blender create Mesh node 20
21:05:46 | INFO: Blender create Mesh node 21
21:05:46 | INFO: Blender create Mesh node 22
21:05:46 | INFO: Blender create Mesh node 23
21:05:46 | INFO: Blender create Mesh node 24
21:05:46 | INFO: Blender create Mesh node 25
21:05:46 | INFO: Blender create Mesh node 26
21:05:46 | INFO: Blender create Mesh node 27
21:05:46 | INFO: Blender create Mesh node 28
21:05:46 | INFO: Blender create Mesh node 29
21:05:46 | INFO: Blender create Mesh node 30
21:05:46 | INFO: Blender create Mesh node 31
21:05:46 | INFO: Blender create Mesh node 32
21:05:46 | INFO: Blender create Mesh node 33
21:05:46 | INFO: Blender create Mesh node 34
21:05:46 | INFO: Blender create Mesh node 35
21:05:46 | INFO: Blender create Mesh node 36
21:05:46 | INFO: Blender create Mesh node 37
21:05:46 | INFO: Blender create Mesh node 38
21:05:46 | INFO: Blender create Mesh node 39
21:05:46 | INFO: Blender create Mesh node 40
21:05:46 | INFO: Blender create Mesh node 41
21:05:46 | INFO: Blender create Mesh node 42
21:05:46 | INFO: Blender create Mesh node 43
21:05:46 | INFO: Blender create Mesh node 44
21:05:46 | INFO: Blender create Mesh node 45
21:05:46 | INFO: Blender create Mesh node 46
21:05:46 | INFO: Blender create Mesh node 47
21:05:46 | INFO: Blender create Mesh node 48
21:05:46 | INFO: Blender create Mesh node 49
21:05:46 | INFO: Blender create Mesh node 50
21:05:46 | INFO: Blender create Mesh node 51
21:05:46 | INFO: Blender create Mesh node 52
21:05:46 | INFO: Blender create Mesh node 53
21:05:46 | INFO: Blender create Mesh node 54
21:05:46 | INFO: Blender create Mesh node 55
21:05:46 | INFO: Blender create Mesh node 56
21:05:46 | INFO: Blender create Mesh node 57
21:05:46 | INFO: Blender create Mesh node 58
21:05:46 | INFO: Blender create Mesh node 59
21:05:46 | INFO: Blender create Mesh node 60
21:05:46 | INFO: Blender create Mesh node 61
21:05:46 | INFO: Blender create Mesh node 62
21:05:46 | INFO: Blender create Mesh node 63
21:05:47 | INFO: Blender create Mesh node 64
21:05:47 | INFO: Blender create Mesh node 65
21:05:47 | INFO: Blender create Mesh node 66
21:05:47 | INFO: Blender create Mesh node 67
21:05:47 | INFO: Blender create Mesh node 68
21:05:47 | INFO: Blender create Mesh node 69
21:05:47 | INFO: Blender create Mesh node 70
21:05:47 | INFO: Blender create Mesh node 71
21:05:47 | INFO: Blender create Mesh node 72
21:05:47 | INFO: Blender create Mesh node 73
21:05:47 | INFO: Blender create Mesh node 74
21:05:47 | INFO: Blender create Mesh node 75
21:05:47 | INFO: Blender create Mesh node 76
21:05:47 | INFO: Blender create Mesh node 77
21:05:47 | INFO: Blender create Mesh node 78
21:05:47 | INFO: Blender create Mesh node 79
21:05:47 | INFO: Blender create Mesh node 80
21:05:47 | INFO: Blender create Mesh node 81
21:05:47 | INFO: Blender create Mesh node 82
21:05:47 | INFO: Blender create Mesh node 83
21:05:47 | INFO: Blender create Mesh node 84
21:05:47 | INFO: Blender create Mesh node 85
21:05:47 | INFO: Blender create Mesh node 86
21:05:47 | INFO: Blender create Mesh node 87
21:05:47 | INFO: Blender create Mesh node 88
21:05:47 | INFO: Blender create Mesh node 89
21:05:47 | INFO: Blender create Mesh node 90
21:05:47 | INFO: Blender create Mesh node 91
21:05:47 | INFO: Blender create Mesh node 92
21:05:47 | INFO: Blender create Mesh node 93
21:05:47 | INFO: Blender create Mesh node 94
21:05:47 | INFO: Blender create Mesh node 95
21:05:47 | INFO: Blender create Mesh node 96
21:05:47 | INFO: Blender create Mesh node 97
21:05:47 | INFO: Blender create Mesh node 98
21:05:47 | INFO: Blender create Mesh node 99
21:05:47 | INFO: Blender create Mesh node 100
21:05:47 | INFO: Blender create Mesh node 101
21:05:47 | INFO: Blender create Mesh node 102
21:05:47 | INFO: Blender create Mesh node 103
21:05:47 | INFO: Blender create Mesh node 104
21:05:47 | INFO: Blender create Mesh node 105
21:05:47 | INFO: Blender create Mesh node 106
21:05:47 | INFO: Blender create Mesh node 107
21:05:47 | INFO: Blender create Mesh node 108
21:05:47 | INFO: Blender create Mesh node 109
21:05:47 | INFO: Blender create Mesh node 110
21:05:47 | INFO: Blender create Mesh node 111
21:05:47 | INFO: Blender create Mesh node 112
21:05:47 | INFO: Blender create Mesh node 113
21:05:47 | INFO: Blender create Mesh node 114
21:05:47 | INFO: Blender create Mesh node 115
21:05:47 | INFO: Blender create Mesh node 116
21:05:47 | INFO: Blender create Mesh node 117
21:05:47 | INFO: Blender create Mesh node 118
21:05:47 | INFO: Blender create Mesh node 119
21:05:47 | INFO: Blender create Mesh node 120
21:05:47 | INFO: Blender create Mesh node 121
21:05:47 | INFO: Blender create Mesh node 122
21:05:47 | INFO: Blender create Mesh node 123
21:05:47 | INFO: Blender create Mesh node 124
21:05:47 | INFO: Blender create Mesh node 125
21:05:47 | INFO: Blender create Mesh node 126
21:05:47 | INFO: Blender create Mesh node 127
21:05:47 | INFO: Blender create Mesh node 128
21:05:47 | INFO: Blender create Mesh node 129
21:05:47 | INFO: Blender create Mesh node 130
21:05:47 | INFO: Blender create Mesh node 131
21:05:47 | INFO: Blender create Mesh node 132
21:05:47 | INFO: Blender create Mesh node 133
21:05:47 | INFO: Blender create Mesh node 134
21:05:47 | INFO: Blender create Mesh node 135
21:05:47 | INFO: Blender create Mesh node 136
21:05:47 | INFO: Blender create Mesh node 137
21:05:47 | INFO: Blender create Mesh node 138
21:05:47 | INFO: Blender create Mesh node 139
21:05:47 | INFO: Blender create Mesh node 140
21:05:47 | INFO: Blender create Mesh node 141
21:05:47 | INFO: Blender create Mesh node 142
21:05:47 | INFO: Blender create Mesh node 143
21:05:47 | INFO: Blender create Mesh node 144
21:05:47 | INFO: Blender create Mesh node 145
21:05:47 | INFO: Blender create Mesh node 146
21:05:47 | INFO: Blender create Mesh node 147
21:05:47 | INFO: Blender create Mesh node 148
21:05:47 | INFO: Blender create Mesh node 149
21:05:47 | INFO: Blender create Mesh node 150
21:05:47 | INFO: Blender create Mesh node 151
21:05:47 | INFO: Blender create Mesh node 152
21:05:47 | INFO: Blender create Mesh node 153
21:05:47 | INFO: Blender create Mesh node 154
21:05:47 | INFO: Blender create Mesh node 155
21:05:47 | INFO: Blender create Mesh node 156
21:05:47 | INFO: Blender create Mesh node 157
21:05:47 | INFO: Blender create Mesh node 158
21:05:47 | INFO: Blender create Mesh node 159
21:05:47 | INFO: Blender create Mesh node 160
21:05:47 | INFO: Blender create Mesh node 161
21:05:47 | INFO: Blender create Mesh node 162
21:05:47 | INFO: Blender create Mesh node 163
21:05:47 | INFO: Blender create Mesh node 164
21:05:47 | INFO: Blender create Mesh node 165
21:05:47 | INFO: Blender create Mesh node 166
21:05:47 | INFO: Blender create Mesh node 167
21:05:47 | INFO: Blender create Mesh node 168
21:05:47 | INFO: Blender create Mesh node 169
21:05:47 | INFO: Blender create Mesh node 170
21:05:47 | INFO: Blender create Mesh node 171
21:05:47 | INFO: Blender create Mesh node 172
21:05:47 | INFO: Blender create Mesh node 173
21:05:47 | INFO: Blender create Mesh node 174
21:05:47 | INFO: Blender create Mesh node 175
21:05:47 | INFO: Blender create Mesh node 176
21:05:47 | INFO: Blender create Mesh node 177
21:05:47 | INFO: Blender create Mesh node 178
21:05:47 | INFO: Blender create Mesh node 179
21:05:47 | INFO: Blender create Mesh node 180
21:05:47 | INFO: Blender create Mesh node 181
21:05:47 | INFO: Blender create Mesh node 182
21:05:47 | INFO: Blender create Mesh node 183
21:05:47 | INFO: Blender create Mesh node 184
21:05:47 | INFO: Blender create Mesh node 185
21:05:47 | INFO: Blender create Mesh node 186
21:05:47 | INFO: Blender create Mesh node 187
21:05:47 | INFO: Blender create Mesh node 188
21:05:47 | INFO: Blender create Mesh node 189
21:05:47 | INFO: Blender create Mesh node 190
21:05:47 | INFO: Blender create Mesh node 191
21:05:47 | INFO: Blender create Mesh node 192
21:05:47 | INFO: Blender create Mesh node 193
21:05:47 | INFO: Blender create Mesh node 194
21:05:47 | INFO: Blender create Mesh node 195
21:05:47 | INFO: Blender create Mesh node 196
21:05:47 | INFO: Blender create Mesh node 197
21:05:47 | INFO: Blender create Mesh node 198
21:05:47 | INFO: Blender create Mesh node 199
21:05:47 | INFO: Blender create Mesh node 200
21:05:47 | INFO: Blender create Mesh node 201
21:05:47 | INFO: Blender create Mesh node 202
21:05:47 | INFO: Blender create Mesh node 203
21:05:47 | INFO: Blender create Mesh node 204
21:05:47 | INFO: Blender create Mesh node 205
21:05:47 | INFO: Blender create Mesh node 206
21:05:47 | INFO: Blender create Mesh node 207
21:05:47 | INFO: Blender create Mesh node 208
21:05:47 | INFO: Blender create Mesh node 209
21:05:47 | INFO: Blender create Mesh node 210
21:05:47 | INFO: Blender create Mesh node 211
21:05:47 | INFO: Blender create Mesh node 212
21:05:47 | INFO: Blender create Mesh node 213
21:05:47 | INFO: Blender create Mesh node 214
21:05:47 | INFO: Blender create Mesh node 215
21:05:47 | INFO: Blender create Mesh node 216
21:05:47 | INFO: Blender create Mesh node 217
21:05:47 | INFO: Blender create Mesh node 218
21:05:47 | INFO: Blender create Mesh node 219
21:05:47 | INFO: Blender create Mesh node 220
21:05:47 | INFO: Blender create Mesh node 221
21:05:47 | INFO: Blender create Mesh node 222
21:05:47 | INFO: Blender create Mesh node 223
21:05:47 | INFO: Blender create Mesh node 224
21:05:47 | INFO: Blender create Mesh node 225
21:05:47 | INFO: Blender create Mesh node 226
21:05:47 | INFO: Blender create Mesh node 227
21:05:47 | INFO: Blender create Mesh node 228
21:05:47 | INFO: Blender create Mesh node 229
21:05:47 | INFO: Blender create Mesh node 230
21:05:47 | INFO: Blender create Mesh node 231
21:05:47 | INFO: Blender create Mesh node 232
21:05:47 | INFO: Blender create Mesh node 233
21:05:47 | INFO: Blender create Mesh node 234
21:05:47 | INFO: Blender create Mesh node 235
21:05:47 | INFO: Blender create Mesh node 236
21:05:47 | INFO: Blender create Mesh node 237
21:05:47 | INFO: Blender create Mesh node 238
21:05:47 | INFO: Blender create Mesh node 239
21:05:47 | INFO: Blender create Mesh node 240
21:05:47 | INFO: Blender create Mesh node 241
21:05:47 | INFO: Blender create Mesh node 242
21:05:47 | INFO: Blender create Mesh node 243
21:05:47 | INFO: Blender create Mesh node 244
21:05:47 | INFO: Blender create Mesh node 245
21:05:47 | INFO: Blender create Mesh node 246
21:05:47 | INFO: Blender create Mesh node 247
21:05:47 | INFO: Blender create Mesh node 248
21:05:47 | INFO: Blender create Mesh node 249
21:05:47 | INFO: Blender create Mesh node 250
21:05:47 | INFO: Blender create Mesh node 251
21:05:47 | INFO: Blender create Mesh node 252
21:05:47 | INFO: Blender create Mesh node 253
21:05:47 | INFO: Blender create Mesh node 254
21:05:47 | INFO: Blender create Mesh node 255
21:05:47 | INFO: Blender create Mesh node 256
21:05:47 | INFO: Blender create Mesh node 257
21:05:47 | INFO: Blender create Mesh node 258
21:05:47 | INFO: Blender create Mesh node 259
21:05:47 | INFO: glTF import finished in 0.58s
ARCHVIZ_END lobby: import current design: 1.7s
ARCHVIZ_GEOMETRY_OK lobby {"sourceObjects": 260, "importedMeshes": 260, "maximumBoundsErrorMetres": 4.578729155824135e-07, "triangleCountsMatch": true, "scope": "Source IDs, per-object world bounds and triangle counts; not a construction/collision certificate."}
<LOCAL_PATH>\build-checkout\blender\render_archviz.py:143: DeprecationWarning: 'Material.use_nodes' is expected to be removed in Blender 6.0
  if not mat or not mat.use_nodes or mat.name in seen:
<LOCAL_PATH>\build-checkout\blender\render_archviz.py:239: DeprecationWarning: 'World.use_nodes' is expected to be removed in Blender 6.0
  scene.world.use_nodes = True
00:06.204  cycles           | WARNING CUEW initialization failed: Error opening the library
ARCHVIZ_START lobby: current / draft / HIP
00:14.516  render           | Saved: '<LOCAL_PATH>\runs\20260928T153438Z-7fd33df46fc4-225f5eed\public\renders\archviz\f1dc9aa0bb104f14\current.png'
ARCHVIZ_END lobby: current / draft / HIP: 8.3s
ARCHVIZ_START lobby: hero / draft / HIP
00:23.704  render           | Saved: '<LOCAL_PATH>\runs\20260928T153438Z-7fd33df46fc4-225f5eed\public\renders\archviz\f1dc9aa0bb104f14\hero.png'
ARCHVIZ_END lobby: hero / draft / HIP: 9.2s
ARCHVIZ_START lobby: reverse / draft / HIP
00:34.157  render           | Saved: '<LOCAL_PATH>\runs\20260928T153438Z-7fd33df46fc4-225f5eed\public\renders\archviz\f1dc9aa0bb104f14\reverse.png'
ARCHVIZ_END lobby: reverse / draft / HIP: 10.4s
ARCHVIZ_COMPLETE lobby <LOCAL_PATH>\runs\20260928T153438Z-7fd33df46fc4-225f5eed\public\renders\archviz\f1dc9aa0bb104f14
Blender 5.2.2 LTS (hash d13f752e3b9c built 2026-09-15 01:37:04)

Blender quit
ARCHVIZ_OUTPUTS_OK: 3 images; visual review is still required
All requested room jobs completed. Open Interior studio > Blender export > Load completed room renders.
